Archive member included to satisfy reference by file (symbol)

/Users/brono/GitHub/Guitar_TunerMCU/Guitar_Tuner/Core/libs/libarm_cortexM4lf_math.a(arm_rfft_fast_init_f32.o)
                              ./Core/Src/main.o (arm_rfft_fast_init_f32)
/Users/brono/GitHub/Guitar_TunerMCU/Guitar_Tuner/Core/libs/libarm_cortexM4lf_math.a(arm_rfft_fast_f32.o)
                              ./Core/Src/main.o (arm_rfft_fast_f32)
/Users/brono/GitHub/Guitar_TunerMCU/Guitar_Tuner/Core/libs/libarm_cortexM4lf_math.a(arm_cfft_f32.o)
                              /Users/brono/GitHub/Guitar_TunerMCU/Guitar_Tuner/Core/libs/libarm_cortexM4lf_math.a(arm_rfft_fast_f32.o) (arm_cfft_f32)
/Users/brono/GitHub/Guitar_TunerMCU/Guitar_Tuner/Core/libs/libarm_cortexM4lf_math.a(arm_fir_init_f32.o)
                              ./Core/Src/main.o (arm_fir_init_f32)
/Users/brono/GitHub/Guitar_TunerMCU/Guitar_Tuner/Core/libs/libarm_cortexM4lf_math.a(arm_biquad_cascade_df1_init_f32.o)
                              ./Core/Src/main.o (arm_biquad_cascade_df1_init_f32)
/Users/brono/GitHub/Guitar_TunerMCU/Guitar_Tuner/Core/libs/libarm_cortexM4lf_math.a(arm_biquad_cascade_df1_f32.o)
                              ./Core/Src/main.o (arm_biquad_cascade_df1_f32)
/Users/brono/GitHub/Guitar_TunerMCU/Guitar_Tuner/Core/libs/libarm_cortexM4lf_math.a(arm_common_tables.o)
                              /Users/brono/GitHub/Guitar_TunerMCU/Guitar_Tuner/Core/libs/libarm_cortexM4lf_math.a(arm_rfft_fast_init_f32.o) (twiddleCoef_rfft_4096)
/Users/brono/GitHub/Guitar_TunerMCU/Guitar_Tuner/Core/libs/libarm_cortexM4lf_math.a(arm_bitreversal2.o)
                              /Users/brono/GitHub/Guitar_TunerMCU/Guitar_Tuner/Core/libs/libarm_cortexM4lf_math.a(arm_cfft_f32.o) (arm_bitreversal_32)
/Users/brono/GitHub/Guitar_TunerMCU/Guitar_Tuner/Core/libs/libarm_cortexM4lf_math.a(arm_cfft_radix8_f32.o)
                              /Users/brono/GitHub/Guitar_TunerMCU/Guitar_Tuner/Core/libs/libarm_cortexM4lf_math.a(arm_cfft_f32.o) (arm_radix8_butterfly_f32)
/Applications/STM32CubeIDE.app/Contents/Eclipse/plugins/com.st.stm32cube.ide.mcu.externaltools.gnu-tools-for-stm32.9-2020-q2-update.macos64_2.0.0.202105311346/tools/bin/../lib/gcc/arm-none-eabi/9.3.1/../../../../arm-none-eabi/lib/thumb/v7e-m+fp/hard/libc_nano.a(lib_a-errno.o)
                              ./Core/Src/syscalls.o (__errno)
/Applications/STM32CubeIDE.app/Contents/Eclipse/plugins/com.st.stm32cube.ide.mcu.externaltools.gnu-tools-for-stm32.9-2020-q2-update.macos64_2.0.0.202105311346/tools/bin/../lib/gcc/arm-none-eabi/9.3.1/../../../../arm-none-eabi/lib/thumb/v7e-m+fp/hard/libc_nano.a(lib_a-exit.o)
                              /Applications/STM32CubeIDE.app/Contents/Eclipse/plugins/com.st.stm32cube.ide.mcu.externaltools.gnu-tools-for-stm32.9-2020-q2-update.macos64_2.0.0.202105311346/tools/bin/../lib/gcc/arm-none-eabi/9.3.1/../../../../arm-none-eabi/lib/thumb/v7e-m+fp/hard/crt0.o (exit)
/Applications/STM32CubeIDE.app/Contents/Eclipse/plugins/com.st.stm32cube.ide.mcu.externaltools.gnu-tools-for-stm32.9-2020-q2-update.macos64_2.0.0.202105311346/tools/bin/../lib/gcc/arm-none-eabi/9.3.1/../../../../arm-none-eabi/lib/thumb/v7e-m+fp/hard/libc_nano.a(lib_a-impure.o)
                              /Applications/STM32CubeIDE.app/Contents/Eclipse/plugins/com.st.stm32cube.ide.mcu.externaltools.gnu-tools-for-stm32.9-2020-q2-update.macos64_2.0.0.202105311346/tools/bin/../lib/gcc/arm-none-eabi/9.3.1/../../../../arm-none-eabi/lib/thumb/v7e-m+fp/hard/libc_nano.a(lib_a-exit.o) (_global_impure_ptr)
/Applications/STM32CubeIDE.app/Contents/Eclipse/plugins/com.st.stm32cube.ide.mcu.externaltools.gnu-tools-for-stm32.9-2020-q2-update.macos64_2.0.0.202105311346/tools/bin/../lib/gcc/arm-none-eabi/9.3.1/../../../../arm-none-eabi/lib/thumb/v7e-m+fp/hard/libc_nano.a(lib_a-init.o)
                              /Applications/STM32CubeIDE.app/Contents/Eclipse/plugins/com.st.stm32cube.ide.mcu.externaltools.gnu-tools-for-stm32.9-2020-q2-update.macos64_2.0.0.202105311346/tools/bin/../lib/gcc/arm-none-eabi/9.3.1/../../../../arm-none-eabi/lib/thumb/v7e-m+fp/hard/crt0.o (__libc_init_array)
/Applications/STM32CubeIDE.app/Contents/Eclipse/plugins/com.st.stm32cube.ide.mcu.externaltools.gnu-tools-for-stm32.9-2020-q2-update.macos64_2.0.0.202105311346/tools/bin/../lib/gcc/arm-none-eabi/9.3.1/../../../../arm-none-eabi/lib/thumb/v7e-m+fp/hard/libc_nano.a(lib_a-memset.o)
                              /Applications/STM32CubeIDE.app/Contents/Eclipse/plugins/com.st.stm32cube.ide.mcu.externaltools.gnu-tools-for-stm32.9-2020-q2-update.macos64_2.0.0.202105311346/tools/bin/../lib/gcc/arm-none-eabi/9.3.1/../../../../arm-none-eabi/lib/thumb/v7e-m+fp/hard/crt0.o (memset)
/Applications/STM32CubeIDE.app/Contents/Eclipse/plugins/com.st.stm32cube.ide.mcu.externaltools.gnu-tools-for-stm32.9-2020-q2-update.macos64_2.0.0.202105311346/tools/bin/../lib/gcc/arm-none-eabi/9.3.1/../../../../arm-none-eabi/lib/thumb/v7e-m+fp/hard/libc_nano.a(lib_a-nano-vfprintf_float.o)
[...]
Memory Configuration

Name             Origin             Length             Attributes
RAM              0x0000000020000000 0x0000000000010000 xrw
RAM2             0x0000000010000000 0x0000000000004000 xrw
FLASH            0x0000000008000000 0x0000000000020000 xr
*default*        0x0000000000000000 0xffffffffffffffff

Linker script and memory map

LOAD /Applications/STM32CubeIDE.app/Contents/Eclipse/plugins/com.st.stm32cube.ide.mcu.externaltools.gnu-tools-for-stm32.9-2020-q2-update.macos64_2.0.0.202105311346/tools/bin/../lib/gcc/arm-none-eabi/9.3.1/thumb/v7e-m+fp/hard/crti.o
LOAD /Applications/STM32CubeIDE.app/Contents/Eclipse/plugins/com.st.stm32cube.ide.mcu.externaltools.gnu-tools-for-stm32.9-2020-q2-update.macos64_2.0.0.202105311346/tools/bin/../lib/gcc/arm-none-eabi/9.3.1/thumb/v7e-m+fp/hard/crtbegin.o
LOAD /Applications/STM32CubeIDE.app/Contents/Eclipse/plugins/com.st.stm32cube.ide.mcu.externaltools.gnu-tools-for-stm32.9-2020-q2-update.macos64_2.0.0.202105311346/tools/bin/../lib/gcc/arm-none-eabi/9.3.1/../../../../arm-none-eabi/lib/thumb/v7e-m+fp/hard/crt0.o
LOAD ./Core/Src/main.o
LOAD ./Core/Src/stm32l4xx_hal_msp.o
LOAD ./Core/Src/stm32l4xx_it.o
LOAD ./Core/Src/syscalls.o
LOAD ./Core/Src/sysmem.o
LOAD ./Core/Src/system_stm32l4xx.o
LOAD ./Core/Startup/startup_stm32l431cbtx.o
LOAD ./Drivers/STM32L4xx_HAL_Driver/Src/stm32l4xx_hal.o
LOAD ./Drivers/STM32L4xx_HAL_Driver/Src/stm32l4xx_hal_adc.o
LOAD ./Drivers/STM32L4xx_HAL_Driver/Src/stm32l4xx_hal_adc_ex.o
LOAD ./Drivers/STM32L4xx_HAL_Driver/Src/stm32l4xx_hal_cortex.o
LOAD ./Drivers/STM32L4xx_HAL_Driver/Src/stm32l4xx_hal_dac.o
LOAD ./Drivers/STM32L4xx_HAL_Driver/Src/stm32l4xx_hal_dac_ex.o
LOAD ./Drivers/STM32L4xx_HAL_Driver/Src/stm32l4xx_hal_dma.o
LOAD ./Drivers/STM32L4xx_HAL_Driver/Src/stm32l4xx_hal_dma_ex.o
LOAD ./Drivers/STM32L4xx_HAL_Driver/Src/stm32l4xx_hal_exti.o
LOAD ./Drivers/STM32L4xx_HAL_Driver/Src/stm32l4xx_hal_flash.o
LOAD ./Drivers/STM32L4xx_HAL_Driver/Src/stm32l4xx_hal_flash_ex.o
LOAD ./Drivers/STM32L4xx_HAL_Driver/Src/stm32l4xx_hal_flash_ramfunc.o
LOAD ./Drivers/STM32L4xx_HAL_Driver/Src/stm32l4xx_hal_gpio.o
LOAD ./Drivers/STM32L4xx_HAL_Driver/Src/stm32l4xx_hal_i2c.o
LOAD ./Drivers/STM32L4xx_HAL_Driver/Src/stm32l4xx_hal_i2c_ex.o
LOAD ./Drivers/STM32L4xx_HAL_Driver/Src/stm32l4xx_hal_pwr.o
LOAD ./Drivers/STM32L4xx_HAL_Driver/Src/stm32l4xx_hal_pwr_ex.o
LOAD ./Drivers/STM32L4xx_HAL_Driver/Src/stm32l4xx_hal_rcc.o
LOAD ./Drivers/STM32L4xx_HAL_Driver/Src/stm32l4xx_hal_rcc_ex.o
LOAD ./Drivers/STM32L4xx_HAL_Driver/Src/stm32l4xx_hal_tim.o
LOAD ./Drivers/STM32L4xx_HAL_Driver/Src/stm32l4xx_hal_tim_ex.o
LOAD /Users/brono/GitHub/Guitar_TunerMCU/Guitar_Tuner/Core/libs/libarm_cortexM4lf_math.a
START GROUP
LOAD /Applications/STM32CubeIDE.app/Contents/Eclipse/plugins/com.st.stm32cube.ide.mcu.externaltools.gnu-tools-for-stm32.9-2020-q2-update.macos64_2.0.0.202105311346/tools/bin/../lib/gcc/arm-none-eabi/9.3.1/../../../../arm-none-eabi/lib/thumb/v7e-m+fp/hard/libc_nano.a
LOAD /Applications/STM32CubeIDE.app/Contents/Eclipse/plugins/com.st.stm32cube.ide.mcu.externaltools.gnu-tools-for-stm32.9-2020-q2-update.macos64_2.0.0.202105311346/tools/bin/../lib/gcc/arm-none-eabi/9.3.1/../../../../arm-none-eabi/lib/thumb/v7e-m+fp/hard/libm.a
END GROUP
START GROUP
LOAD /Applications/STM32CubeIDE.app/Contents/Eclipse/plugins/com.st.stm32cube.ide.mcu.externaltools.gnu-tools-for-stm32.9-2020-q2-update.macos64_2.0.0.202105311346/tools/bin/../lib/gcc/arm-none-eabi/9.3.1/thumb/v7e-m+fp/hard/libgcc.a
LOAD /Applications/STM32CubeIDE.app/Contents/Eclipse/plugins/com.st.stm32cube.ide.mcu.externaltools.gnu-tools-for-stm32.9-2020-q2-update.macos64_2.0.0.202105311346/tools/bin/../lib/gcc/arm-none-eabi/9.3.1/../../../../arm-none-eabi/lib/thumb/v7e-m+fp/hard/libc_nano.a
END GROUP
START GROUP
LOAD /Applications/STM32CubeIDE.app/Contents/Eclipse/plugins/com.st.stm32cube.ide.mcu.externaltools.gnu-tools-for-stm32.9-2020-q2-update.macos64_2.0.0.202105311346/tools/bin/../lib/gcc/arm-none-eabi/9.3.1/thumb/v7e-m+fp/hard/libgcc.a
LOAD /Applications/STM32CubeIDE.app/Contents/Eclipse/plugins/com.st.stm32cube.ide.mcu.externaltools.gnu-tools-for-stm32.9-2020-q2-update.macos64_2.0.0.202105311346/tools/bin/../lib/gcc/arm-none-eabi/9.3.1/../../../../arm-none-eabi/lib/thumb/v7e-m+fp/hard/libc_nano.a
LOAD /Applications/STM32CubeIDE.app/Contents/Eclipse/plugins/com.st.stm32cube.ide.mcu.externaltools.gnu-tools-for-stm32.9-2020-q2-update.macos64_2.0.0.202105311346/tools/bin/../lib/gcc/arm-none-eabi/9.3.1/../../../../arm-none-eabi/lib/thumb/v7e-m+fp/hard/libnosys.a
END GROUP
START GROUP
LOAD /Applications/STM32CubeIDE.app/Contents/Eclipse/plugins/com.st.stm32cube.ide.mcu.externaltools.gnu-tools-for-stm32.9-2020-q2-update.macos64_2.0.0.202105311346/tools/bin/../lib/gcc/arm-none-eabi/9.3.1/thumb/v7e-m+fp/hard/libgcc.a
LOAD /Applications/STM32CubeIDE.app/Contents/Eclipse/plugins/com.st.stm32cube.ide.mcu.externaltools.gnu-tools-for-stm32.9-2020-q2-update.macos64_2.0.0.202105311346/tools/bin/../lib/gcc/arm-none-eabi/9.3.1/../../../../arm-none-eabi/lib/thumb/v7e-m+fp/hard/libc_nano.a
LOAD /Applications/STM32CubeIDE.app/Contents/Eclipse/plugins/com.st.stm32cube.ide.mcu.externaltools.gnu-tools-for-stm32.9-2020-q2-update.macos64_2.0.0.202105311346/tools/bin/../lib/gcc/arm-none-eabi/9.3.1/../../../../arm-none-eabi/lib/thumb/v7e-m+fp/hard/libnosys.a
END GROUP
LOAD /Applications/STM32CubeIDE.app/Contents/Eclipse/plugins/com.st.stm32cube.ide.mcu.externaltools.gnu-tools-for-stm32.9-2020-q2-update.macos64_2.0.0.202105311346/tools/bin/../lib/gcc/arm-none-eabi/9.3.1/thumb/v7e-m+fp/hard/crtend.o
LOAD /Applications/STM32CubeIDE.app/Contents/Eclipse/plugins/com.st.stm32cube.ide.mcu.externaltools.gnu-tools-for-stm32.9-2020-q2-update.macos64_2.0.0.202105311346/tools/bin/../lib/gcc/arm-none-eabi/9.3.1/thumb/v7e-m+fp/hard/crtn.o
                0x0000000020010000                _estack = (ORIGIN (RAM) + LENGTH (RAM))
                0x0000000000000200                _Min_Heap_Size = 0x200
                0x0000000000000400                _Min_Stack_Size = 0x400

.isr_vector     0x0000000008000000      0x18c
                0x0000000008000000                . = ALIGN (0x4)
 *(.isr_vector)
 .isr_vector    0x0000000008000000      0x18c ./Core/Startup/startup_stm32l431cbtx.o
                0x0000000008000000                g_pfnVectors
                0x000000000800018c                . = ALIGN (0x4)

.text           0x0000000008000190     0x8b98
                0x0000000008000190                . = ALIGN (0x4)
 *(.text)
 .text          0x0000000008000190       0x40 /Applications/STM32CubeIDE.app/Contents/Eclipse/plugins/com.st.stm32cube.ide.mcu.externaltools.gnu-tools-for-stm32.9-2020-q2-update.macos64_2.0.0.202105311346/tools/bin/../lib/gcc/arm-none-eabi/9.3.1/thumb/v7e-m+fp/hard/crtbegin.o
 .text          0x00000000080001d0       0xc0 /Users/brono/GitHub/Guitar_TunerMCU/Guitar_Tuner/Core/libs/libarm_cortexM4lf_math.a(arm_bitreversal2.o)
                0x00000000080001d0                arm_bitreversal_32
                0x000000000800023a                arm_bitreversal_16
 .text          0x0000000008000290       0x10 /Applications/STM32CubeIDE.app/Contents/Eclipse/plugins/com.st.stm32cube.ide.mcu.externaltools.gnu-tools-for-stm32.9-2020-q2-update.macos64_2.0.0.202105311346/tools/bin/../lib/gcc/arm-none-eabi/9.3.1/../../../../arm-none-eabi/lib/thumb/v7e-m+fp/hard/libc_nano.a(lib_a-strlen.o)
                0x0000000008000290                strlen
 .text          0x00000000080002a0       0xa0 /Applications/STM32CubeIDE.app/Contents/Eclipse/plugins/com.st.stm32cube.ide.mcu.externaltools.gnu-tools-for-stm32.9-2020-q2-update.macos64_2.0.0.202105311346/tools/bin/../lib/gcc/arm-none-eabi/9.3.1/../../../../arm-none-eabi/lib/thumb/v7e-m+fp/hard/libc_nano.a(lib_a-memchr.o)
                0x00000000080002a0                memchr
 .text          0x0000000008000340      0x378 /Applications/STM32CubeIDE.app/Contents/Eclipse/plugins/com.st.stm32cube.ide.mcu.externaltools.gnu-tools-for-stm32.9-2020-q2-update.macos64_2.0.0.202105311346/tools/bin/../lib/gcc/arm-none-eabi/9.3.1/thumb/v7e-m+fp/hard/libgcc.a(_arm_addsubdf3.o)
                0x0000000008000340                __aeabi_drsub
                0x0000000008000348                __subdf3
                0x0000000008000348                __aeabi_dsub
                0x000000000800034c                __aeabi_dadd
                0x000000000800034c                __adddf3
                0x00000000080005c4                __aeabi_ui2d
                0x00000000080005c4                __floatunsidf
                0x00000000080005e4                __floatsidf
                0x00000000080005e4                __aeabi_i2d
                0x0000000008000608                __extendsfdf2
                0x0000000008000608                __aeabi_f2d
                0x000000000800064c                __aeabi_ul2d
                0x000000000800064c                __floatundidf
                0x000000000800065c                __aeabi_l2d
                0x000000000800065c                __floatdidf
 .text          0x00000000080006b8      0x424 /Applications/STM32CubeIDE.app/Contents/Eclipse/plugins/com.st.stm32cube.ide.mcu.externaltools.gnu-tools-for-stm32.9-2020-q2-update.macos64_2.0.0.202105311346/tools/bin/../lib/gcc/arm-none-eabi/9.3.1/thumb/v7e-m+fp/hard/libgcc.a(_arm_muldivdf3.o)
                0x00000000080006b8                __aeabi_dmul
                0x00000000080006b8                __muldf3
                0x000000000800090c                __aeabi_ddiv
                0x000000000800090c                __divdf3
 .text          0x0000000008000adc      0x110 /Applications/STM32CubeIDE.app/Contents/Eclipse/plugins/com.st.stm32cube.ide.mcu.externaltools.gnu-tools-for-stm32.9-2020-q2-update.macos64_2.0.0.202105311346/tools/bin/../lib/gcc/arm-none-eabi/9.3.1/thumb/v7e-m+fp/hard/libgcc.a(_arm_cmpdf2.o)
                0x0000000008000adc                __gedf2
                0x0000000008000adc                __gtdf2
                0x0000000008000ae4                __ledf2
                0x0000000008000ae4                __ltdf2
                0x0000000008000aec                __cmpdf2
                0x0000000008000aec                __eqdf2
                0x0000000008000aec                __nedf2
                0x0000000008000b68                __aeabi_cdrcmple
                0x0000000008000b78                __aeabi_cdcmple
                0x0000000008000b78                __aeabi_cdcmpeq
                0x0000000008000b88                __aeabi_dcmpeq
                0x0000000008000b9c                __aeabi_dcmplt
                0x0000000008000bb0                __aeabi_dcmple
                0x0000000008000bc4                __aeabi_dcmpge
                0x0000000008000bd8                __aeabi_dcmpgt
 .text          0x0000000008000bec       0x2c /Applications/STM32CubeIDE.app/Contents/Eclipse/plugins/com.st.stm32cube.ide.mcu.externaltools.gnu-tools-for-stm32.9-2020-q2-update.macos64_2.0.0.202105311346/tools/bin/../lib/gcc/arm-none-eabi/9.3.1/thumb/v7e-m+fp/hard/libgcc.a(_arm_unorddf2.o)
                0x0000000008000bec                __aeabi_dcmpun
                0x0000000008000bec                __unorddf2
 .text          0x0000000008000c18       0x50 /Applications/STM32CubeIDE.app/Contents/Eclipse/plugins/com.st.stm32cube.ide.mcu.externaltools.gnu-tools-for-stm32.9-2020-q2-update.macos64_2.0.0.202105311346/tools/bin/../lib/gcc/arm-none-eabi/9.3.1/thumb/v7e-m+fp/hard/libgcc.a(_arm_fixdfsi.o)
                0x0000000008000c18                __fixdfsi
                0x0000000008000c18                __aeabi_d2iz
 *(.text*)
 .text.HAL_ADC_ConvHalfCpltCallback
                0x0000000008000c68       0x44 ./Core/Src/main.o
                0x0000000008000c68                HAL_ADC_ConvHalfCpltCallback
 .text.HAL_ADC_ConvCpltCallback
                0x0000000008000cac       0x44 ./Core/Src/main.o
                0x0000000008000cac                HAL_ADC_ConvCpltCallback
 .text.complexABS
                0x0000000008000cf0       0x38 ./Core/Src/main.o
                0x0000000008000cf0                complexABS
 .text.find_frequency
                0x0000000008000d28       0x68 ./Core/Src/main.o
                0x0000000008000d28                find_frequency
 .text.mag_response
                0x0000000008000d90       0x6c ./Core/Src/main.o
                0x0000000008000d90                mag_response
 .text.process_dsp
                0x0000000008000dfc       0xdc ./Core/Src/main.o
                0x0000000008000dfc                process_dsp
 .text.main     0x0000000008000ed8       0xbc ./Core/Src/main.o
                0x0000000008000ed8                main
 .text.SystemClock_Config
                0x0000000008000f94       0x9e ./Core/Src/main.o
                0x0000000008000f94                SystemClock_Config
 *fill*         0x0000000008001032        0x2 
 .text.MX_ADC1_Init
                0x0000000008001034       0xcc ./Core/Src/main.o
 .text.MX_DAC1_Init
                0x0000000008001100       0x64 ./Core/Src/main.o
 .text.MX_TIM6_Init
                0x0000000008001164       0x6c ./Core/Src/main.o
 .text.MX_DMA_Init
                0x00000000080011d0       0x4c ./Core/Src/main.o
 .text.MX_GPIO_Init
                0x000000000800121c       0x98 ./Core/Src/main.o
 .text.Error_Handler
                0x00000000080012b4        0xa ./Core/Src/main.o
                0x00000000080012b4                Error_Handler
 *fill*         0x00000000080012be        0x2 
 .text.HAL_MspInit
                0x00000000080012c0       0x48 ./Core/Src/stm32l4xx_hal_msp.o
                0x00000000080012c0                HAL_MspInit
 .text.HAL_ADC_MspInit
                0x0000000008001308      0x128 ./Core/Src/stm32l4xx_hal_msp.o
                0x0000000008001308                HAL_ADC_MspInit
 .text.HAL_DAC_MspInit
                0x0000000008001430       0xdc ./Core/Src/stm32l4xx_hal_msp.o
                0x0000000008001430                HAL_DAC_MspInit
 .text.HAL_TIM_Base_MspInit
                0x000000000800150c       0x40 ./Core/Src/stm32l4xx_hal_msp.o
                0x000000000800150c                HAL_TIM_Base_MspInit
 .text.NMI_Handler
                0x000000000800154c        0x6 ./Core/Src/stm32l4xx_it.o
                0x000000000800154c                NMI_Handler
 .text.HardFault_Handler
                0x0000000008001552        0x6 ./Core/Src/stm32l4xx_it.o
                0x0000000008001552                HardFault_Handler
 .text.MemManage_Handler
                0x0000000008001558        0x6 ./Core/Src/stm32l4xx_it.o
                0x0000000008001558                MemManage_Handler
 .text.BusFault_Handler
                0x000000000800155e        0x6 ./Core/Src/stm32l4xx_it.o
                0x000000000800155e                BusFault_Handler
 .text.UsageFault_Handler
                0x0000000008001564        0x6 ./Core/Src/stm32l4xx_it.o
                0x0000000008001564                UsageFault_Handler
 .text.SVC_Handler
                0x000000000800156a        0xe ./Core/Src/stm32l4xx_it.o
                0x000000000800156a                SVC_Handler
 .text.DebugMon_Handler
                0x0000000008001578        0xe ./Core/Src/stm32l4xx_it.o
                0x0000000008001578                DebugMon_Handler
 .text.PendSV_Handler
                0x0000000008001586        0xe ./Core/Src/stm32l4xx_it.o
                0x0000000008001586                PendSV_Handler
 .text.SysTick_Handler
                0x0000000008001594        0xc ./Core/Src/stm32l4xx_it.o
                0x0000000008001594                SysTick_Handler
 .text.DMA1_Channel1_IRQHandler
                0x00000000080015a0       0x14 ./Core/Src/stm32l4xx_it.o
                0x00000000080015a0                DMA1_Channel1_IRQHandler
 .text.DMA1_Channel3_IRQHandler
                0x00000000080015b4       0x14 ./Core/Src/stm32l4xx_it.o
                0x00000000080015b4                DMA1_Channel3_IRQHandler
 .text.ITM_SendChar
                0x00000000080015c8       0x50 ./Core/Src/syscalls.o
                0x00000000080015c8                ITM_SendChar
 .text._getpid  0x0000000008001618       0x10 ./Core/Src/syscalls.o
                0x0000000008001618                _getpid
 .text._kill    0x0000000008001628       0x20 ./Core/Src/syscalls.o
                0x0000000008001628                _kill
 .text._exit    0x0000000008001648       0x14 ./Core/Src/syscalls.o
                0x0000000008001648                _exit
 .text._read    0x000000000800165c       0x3a ./Core/Src/syscalls.o
                0x000000000800165c                _read
 .text._write   0x0000000008001696       0x38 ./Core/Src/syscalls.o
                0x0000000008001696                _write
 .text._close   0x00000000080016ce       0x18 ./Core/Src/syscalls.o
                0x00000000080016ce                _close
 .text._fstat   0x00000000080016e6       0x20 ./Core/Src/syscalls.o
                0x00000000080016e6                _fstat
 .text._isatty  0x0000000008001706       0x16 ./Core/Src/syscalls.o
                0x0000000008001706                _isatty
 .text._lseek   0x000000000800171c       0x1a ./Core/Src/syscalls.o
                0x000000000800171c                _lseek
 *fill*         0x0000000008001736        0x2 
 .text._sbrk    0x0000000008001738       0x6c ./Core/Src/sysmem.o
                0x0000000008001738                _sbrk
 .text.SystemInit
                0x00000000080017a4       0x24 ./Core/Src/system_stm32l4xx.o
                0x00000000080017a4                SystemInit
 .text.Reset_Handler
                0x00000000080017c8       0x50 ./Core/Startup/startup_stm32l431cbtx.o
                0x00000000080017c8                Reset_Handler
 .text.Default_Handler
                0x0000000008001818        0x2 ./Core/Startup/startup_stm32l431cbtx.o
                0x0000000008001818                TIM1_BRK_TIM15_IRQHandler
                0x0000000008001818                EXTI2_IRQHandler
                0x0000000008001818                TIM1_CC_IRQHandler
                0x0000000008001818                TSC_IRQHandler
                0x0000000008001818                TAMP_STAMP_IRQHandler
                0x0000000008001818                EXTI3_IRQHandler
                0x0000000008001818                LPTIM2_IRQHandler
                0x0000000008001818                I2C3_ER_IRQHandler
                0x0000000008001818                EXTI0_IRQHandler
                0x0000000008001818                I2C2_EV_IRQHandler
                0x0000000008001818                CAN1_RX0_IRQHandler
                0x0000000008001818                FPU_IRQHandler
                0x0000000008001818                TIM1_UP_TIM16_IRQHandler
                0x0000000008001818                SPI1_IRQHandler
                0x0000000008001818                TIM6_DAC_IRQHandler
                0x0000000008001818                DMA2_Channel2_IRQHandler
                0x0000000008001818                DMA1_Channel4_IRQHandler
                0x0000000008001818                ADC1_IRQHandler
                0x0000000008001818                USART3_IRQHandler
                0x0000000008001818                DMA1_Channel7_IRQHandler
                0x0000000008001818                CAN1_RX1_IRQHandler
                0x0000000008001818                DMA2_Channel1_IRQHandler
                0x0000000008001818                QUADSPI_IRQHandler
                0x0000000008001818                I2C1_EV_IRQHandler
                0x0000000008001818                DMA1_Channel6_IRQHandler
                0x0000000008001818                DMA2_Channel4_IRQHandler
                0x0000000008001818                RCC_IRQHandler
                0x0000000008001818                TIM1_TRG_COM_IRQHandler
                0x0000000008001818                Default_Handler
                0x0000000008001818                DMA2_Channel7_IRQHandler
                0x0000000008001818                EXTI15_10_IRQHandler
                0x0000000008001818                TIM7_IRQHandler
                0x0000000008001818                SDMMC1_IRQHandler
                0x0000000008001818                I2C3_EV_IRQHandler
                0x0000000008001818                EXTI9_5_IRQHandler
                0x0000000008001818                RTC_WKUP_IRQHandler
                0x0000000008001818                PVD_PVM_IRQHandler
                0x0000000008001818                SPI2_IRQHandler
                0x0000000008001818                CAN1_TX_IRQHandler
                0x0000000008001818                DMA2_Channel5_IRQHandler
                0x0000000008001818                CRS_IRQHandler
                0x0000000008001818                DMA1_Channel5_IRQHandler
                0x0000000008001818                EXTI4_IRQHandler
                0x0000000008001818                RNG_IRQHandler
                0x0000000008001818                COMP_IRQHandler
                0x0000000008001818                WWDG_IRQHandler
                0x0000000008001818                LPUART1_IRQHandler
                0x0000000008001818                DMA2_Channel6_IRQHandler
                0x0000000008001818                TIM2_IRQHandler
                0x0000000008001818                EXTI1_IRQHandler
                0x0000000008001818                USART2_IRQHandler
                0x0000000008001818                I2C2_ER_IRQHandler
                0x0000000008001818                DMA1_Channel2_IRQHandler
                0x0000000008001818                CAN1_SCE_IRQHandler
                0x0000000008001818                FLASH_IRQHandler
                0x0000000008001818                USART1_IRQHandler
                0x0000000008001818                SPI3_IRQHandler
                0x0000000008001818                I2C1_ER_IRQHandler
                0x0000000008001818                SWPMI1_IRQHandler
                0x0000000008001818                LPTIM1_IRQHandler
                0x0000000008001818                SAI1_IRQHandler
                0x0000000008001818                DMA2_Channel3_IRQHandler
                0x0000000008001818                RTC_Alarm_IRQHandler
 .text.HAL_Init
                0x000000000800181a       0x30 ./Drivers/STM32L4xx_HAL_Driver/Src/stm32l4xx_hal.o
                0x000000000800181a                HAL_Init
 *fill*         0x000000000800184a        0x2 
 .text.HAL_InitTick
                0x000000000800184c       0x78 ./Drivers/STM32L4xx_HAL_Driver/Src/stm32l4xx_hal.o
                0x000000000800184c                HAL_InitTick
 .text.HAL_IncTick
                0x00000000080018c4       0x28 ./Drivers/STM32L4xx_HAL_Driver/Src/stm32l4xx_hal.o
                0x00000000080018c4                HAL_IncTick
 .text.HAL_GetTick
                0x00000000080018ec       0x18 ./Drivers/STM32L4xx_HAL_Driver/Src/stm32l4xx_hal.o
                0x00000000080018ec                HAL_GetTick
 .text.HAL_Delay
                0x0000000008001904       0x48 ./Drivers/STM32L4xx_HAL_Driver/Src/stm32l4xx_hal.o
                0x0000000008001904                HAL_Delay
 .text.LL_ADC_SetCommonClock
                0x000000000800194c       0x26 ./Drivers/STM32L4xx_HAL_Driver/Src/stm32l4xx_hal_adc.o
 .text.LL_ADC_SetCommonPathInternalCh
                0x0000000008001972       0x26 ./Drivers/STM32L4xx_HAL_Driver/Src/stm32l4xx_hal_adc.o
 .text.LL_ADC_GetCommonPathInternalCh
                0x0000000008001998       0x1c ./Drivers/STM32L4xx_HAL_Driver/Src/stm32l4xx_hal_adc.o
 .text.LL_ADC_SetOffset
                0x00000000080019b4       0x48 ./Drivers/STM32L4xx_HAL_Driver/Src/stm32l4xx_hal_adc.o
 .text.LL_ADC_GetOffsetChannel
                0x00000000080019fc       0x2c ./Drivers/STM32L4xx_HAL_Driver/Src/stm32l4xx_hal_adc.o
 .text.LL_ADC_SetOffsetState
                0x0000000008001a28       0x36 ./Drivers/STM32L4xx_HAL_Driver/Src/stm32l4xx_hal_adc.o
 .text.LL_ADC_REG_IsTriggerSourceSWStart
                0x0000000008001a5e       0x26 ./Drivers/STM32L4xx_HAL_Driver/Src/stm32l4xx_hal_adc.o
 .text.LL_ADC_REG_SetSequencerRanks
                0x0000000008001a84       0x58 ./Drivers/STM32L4xx_HAL_Driver/Src/stm32l4xx_hal_adc.o
 .text.LL_ADC_SetChannelSamplingTime
                0x0000000008001adc       0x56 ./Drivers/STM32L4xx_HAL_Driver/Src/stm32l4xx_hal_adc.o
 *fill*         0x0000000008001b32        0x2 
 .text.LL_ADC_SetChannelSingleDiff
                0x0000000008001b34       0x48 ./Drivers/STM32L4xx_HAL_Driver/Src/stm32l4xx_hal_adc.o
 .text.LL_ADC_DisableDeepPowerDown
                0x0000000008001b7c       0x24 ./Drivers/STM32L4xx_HAL_Driver/Src/stm32l4xx_hal_adc.o
 .text.LL_ADC_IsDeepPowerDownEnabled
                0x0000000008001ba0       0x28 ./Drivers/STM32L4xx_HAL_Driver/Src/stm32l4xx_hal_adc.o
 .text.LL_ADC_EnableInternalRegulator
                0x0000000008001bc8       0x28 ./Drivers/STM32L4xx_HAL_Driver/Src/stm32l4xx_hal_adc.o
 .text.LL_ADC_IsInternalRegulatorEnabled
                0x0000000008001bf0       0x28 ./Drivers/STM32L4xx_HAL_Driver/Src/stm32l4xx_hal_adc.o
 .text.LL_ADC_Enable
                0x0000000008001c18       0x28 ./Drivers/STM32L4xx_HAL_Driver/Src/stm32l4xx_hal_adc.o
 .text.LL_ADC_IsEnabled
                0x0000000008001c40       0x26 ./Drivers/STM32L4xx_HAL_Driver/Src/stm32l4xx_hal_adc.o
 .text.LL_ADC_REG_StartConversion
                0x0000000008001c66       0x28 ./Drivers/STM32L4xx_HAL_Driver/Src/stm32l4xx_hal_adc.o
 .text.LL_ADC_REG_IsConversionOngoing
                0x0000000008001c8e       0x26 ./Drivers/STM32L4xx_HAL_Driver/Src/stm32l4xx_hal_adc.o
 .text.LL_ADC_INJ_IsConversionOngoing
                0x0000000008001cb4       0x26 ./Drivers/STM32L4xx_HAL_Driver/Src/stm32l4xx_hal_adc.o
 *fill*         0x0000000008001cda        0x2 
 .text.HAL_ADC_Init
                0x0000000008001cdc      0x290 ./Drivers/STM32L4xx_HAL_Driver/Src/stm32l4xx_hal_adc.o
                0x0000000008001cdc                HAL_ADC_Init
 .text.HAL_ADC_Start_DMA
                0x0000000008001f6c      0x108 ./Drivers/STM32L4xx_HAL_Driver/Src/stm32l4xx_hal_adc.o
                0x0000000008001f6c                HAL_ADC_Start_DMA
 .text.HAL_ADC_ErrorCallback
                0x0000000008002074       0x14 ./Drivers/STM32L4xx_HAL_Driver/Src/stm32l4xx_hal_adc.o
                0x0000000008002074                HAL_ADC_ErrorCallback
 .text.HAL_ADC_ConfigChannel
                0x0000000008002088      0x7c0 ./Drivers/STM32L4xx_HAL_Driver/Src/stm32l4xx_hal_adc.o
                0x0000000008002088                HAL_ADC_ConfigChannel
 .text.ADC_Enable
                0x0000000008002848      0x10c ./Drivers/STM32L4xx_HAL_Driver/Src/stm32l4xx_hal_adc.o
                0x0000000008002848                ADC_Enable
 .text.ADC_DMAConvCplt
                0x0000000008002954       0xd8 ./Drivers/STM32L4xx_HAL_Driver/Src/stm32l4xx_hal_adc.o
                0x0000000008002954                ADC_DMAConvCplt
 .text.ADC_DMAHalfConvCplt
                0x0000000008002a2c       0x1c ./Drivers/STM32L4xx_HAL_Driver/Src/stm32l4xx_hal_adc.o
                0x0000000008002a2c                ADC_DMAHalfConvCplt
 .text.ADC_DMAError
                0x0000000008002a48       0x34 ./Drivers/STM32L4xx_HAL_Driver/Src/stm32l4xx_hal_adc.o
                0x0000000008002a48                ADC_DMAError
 .text.__NVIC_SetPriorityGrouping
                0x0000000008002a7c       0x48 ./Drivers/STM32L4xx_HAL_Driver/Src/stm32l4xx_hal_cortex.o
 .text.__NVIC_GetPriorityGrouping
                0x0000000008002ac4       0x1c ./Drivers/STM32L4xx_HAL_Driver/Src/stm32l4xx_hal_cortex.o
 .text.__NVIC_EnableIRQ
                0x0000000008002ae0       0x3c ./Drivers/STM32L4xx_HAL_Driver/Src/stm32l4xx_hal_cortex.o
 .text.__NVIC_SetPriority
                0x0000000008002b1c       0x54 ./Drivers/STM32L4xx_HAL_Driver/Src/stm32l4xx_hal_cortex.o
 .text.NVIC_EncodePriority
                0x0000000008002b70       0x66 ./Drivers/STM32L4xx_HAL_Driver/Src/stm32l4xx_hal_cortex.o
 *fill*         0x0000000008002bd6        0x2 
 .text.SysTick_Config
                0x0000000008002bd8       0x44 ./Drivers/STM32L4xx_HAL_Driver/Src/stm32l4xx_hal_cortex.o
 .text.HAL_NVIC_SetPriorityGrouping
                0x0000000008002c1c       0x16 ./Drivers/STM32L4xx_HAL_Driver/Src/stm32l4xx_hal_cortex.o
                0x0000000008002c1c                HAL_NVIC_SetPriorityGrouping
 .text.HAL_NVIC_SetPriority
                0x0000000008002c32       0x38 ./Drivers/STM32L4xx_HAL_Driver/Src/stm32l4xx_hal_cortex.o
                0x0000000008002c32                HAL_NVIC_SetPriority
 .text.HAL_NVIC_EnableIRQ
                0x0000000008002c6a       0x1c ./Drivers/STM32L4xx_HAL_Driver/Src/stm32l4xx_hal_cortex.o
                0x0000000008002c6a                HAL_NVIC_EnableIRQ
 .text.HAL_SYSTICK_Config
                0x0000000008002c86       0x18 ./Drivers/STM32L4xx_HAL_Driver/Src/stm32l4xx_hal_cortex.o
                0x0000000008002c86                HAL_SYSTICK_Config
 .text.HAL_DAC_Init
                0x0000000008002c9e       0x44 ./Drivers/STM32L4xx_HAL_Driver/Src/stm32l4xx_hal_dac.o
                0x0000000008002c9e                HAL_DAC_Init
 *fill*         0x0000000008002ce2        0x2 
 .text.HAL_DAC_Start_DMA
                0x0000000008002ce4      0x198 ./Drivers/STM32L4xx_HAL_Driver/Src/stm32l4xx_hal_dac.o
                0x0000000008002ce4                HAL_DAC_Start_DMA
 .text.HAL_DAC_ConvCpltCallbackCh1
                0x0000000008002e7c       0x14 ./Drivers/STM32L4xx_HAL_Driver/Src/stm32l4xx_hal_dac.o
                0x0000000008002e7c                HAL_DAC_ConvCpltCallbackCh1
 .text.HAL_DAC_ConvHalfCpltCallbackCh1
                0x0000000008002e90       0x14 ./Drivers/STM32L4xx_HAL_Driver/Src/stm32l4xx_hal_dac.o
                0x0000000008002e90                HAL_DAC_ConvHalfCpltCallbackCh1
 .text.HAL_DAC_ErrorCallbackCh1
                0x0000000008002ea4       0x14 ./Drivers/STM32L4xx_HAL_Driver/Src/stm32l4xx_hal_dac.o
                0x0000000008002ea4                HAL_DAC_ErrorCallbackCh1
 .text.HAL_DAC_ConfigChannel
                0x0000000008002eb8      0x234 ./Drivers/STM32L4xx_HAL_Driver/Src/stm32l4xx_hal_dac.o
                0x0000000008002eb8                HAL_DAC_ConfigChannel
 .text.DAC_DMAConvCpltCh1
                0x00000000080030ec       0x22 ./Drivers/STM32L4xx_HAL_Driver/Src/stm32l4xx_hal_dac.o
                0x00000000080030ec                DAC_DMAConvCpltCh1
 .text.DAC_DMAHalfConvCpltCh1
                0x000000000800310e       0x1c ./Drivers/STM32L4xx_HAL_Driver/Src/stm32l4xx_hal_dac.o
                0x000000000800310e                DAC_DMAHalfConvCpltCh1
 .text.DAC_DMAErrorCh1
                0x000000000800312a       0x2e ./Drivers/STM32L4xx_HAL_Driver/Src/stm32l4xx_hal_dac.o
                0x000000000800312a                DAC_DMAErrorCh1
 .text.HAL_DACEx_ConvCpltCallbackCh2
                0x0000000008003158       0x14 ./Drivers/STM32L4xx_HAL_Driver/Src/stm32l4xx_hal_dac_ex.o
                0x0000000008003158                HAL_DACEx_ConvCpltCallbackCh2
 .text.HAL_DACEx_ConvHalfCpltCallbackCh2
                0x000000000800316c       0x14 ./Drivers/STM32L4xx_HAL_Driver/Src/stm32l4xx_hal_dac_ex.o
                0x000000000800316c                HAL_DACEx_ConvHalfCpltCallbackCh2
 .text.HAL_DACEx_ErrorCallbackCh2
                0x0000000008003180       0x14 ./Drivers/STM32L4xx_HAL_Driver/Src/stm32l4xx_hal_dac_ex.o
                0x0000000008003180                HAL_DACEx_ErrorCallbackCh2
 .text.DAC_DMAConvCpltCh2
                0x0000000008003194       0x22 ./Drivers/STM32L4xx_HAL_Driver/Src/stm32l4xx_hal_dac_ex.o
                0x0000000008003194                DAC_DMAConvCpltCh2
 .text.DAC_DMAHalfConvCpltCh2
                0x00000000080031b6       0x1c ./Drivers/STM32L4xx_HAL_Driver/Src/stm32l4xx_hal_dac_ex.o
                0x00000000080031b6                DAC_DMAHalfConvCpltCh2
 .text.DAC_DMAErrorCh2
                0x00000000080031d2       0x2e ./Drivers/STM32L4xx_HAL_Driver/Src/stm32l4xx_hal_dac_ex.o
                0x00000000080031d2                DAC_DMAErrorCh2
 .text.HAL_DMA_Init
                0x0000000008003200      0x170 ./Drivers/STM32L4xx_HAL_Driver/Src/stm32l4xx_hal_dma.o
                0x0000000008003200                HAL_DMA_Init
 .text.HAL_DMA_Start_IT
                0x0000000008003370       0xc0 ./Drivers/STM32L4xx_HAL_Driver/Src/stm32l4xx_hal_dma.o
                0x0000000008003370                HAL_DMA_Start_IT
 .text.HAL_DMA_IRQHandler
                0x0000000008003430      0x15e ./Drivers/STM32L4xx_HAL_Driver/Src/stm32l4xx_hal_dma.o
                0x0000000008003430                HAL_DMA_IRQHandler
 .text.DMA_SetConfig
                0x000000000800358e       0x60 ./Drivers/STM32L4xx_HAL_Driver/Src/stm32l4xx_hal_dma.o
 *fill*         0x00000000080035ee        0x2 
 .text.HAL_GPIO_Init
                0x00000000080035f0      0x2f4 ./Drivers/STM32L4xx_HAL_Driver/Src/stm32l4xx_hal_gpio.o
                0x00000000080035f0                HAL_GPIO_Init
 .text.HAL_GPIO_WritePin
                0x00000000080038e4       0x30 ./Drivers/STM32L4xx_HAL_Driver/Src/stm32l4xx_hal_gpio.o
                0x00000000080038e4                HAL_GPIO_WritePin
 .text.HAL_GPIO_TogglePin
                0x0000000008003914       0x34 ./Drivers/STM32L4xx_HAL_Driver/Src/stm32l4xx_hal_gpio.o
                0x0000000008003914                HAL_GPIO_TogglePin
 .text.HAL_PWREx_GetVoltageRange
                0x0000000008003948       0x1c ./Drivers/STM32L4xx_HAL_Driver/Src/stm32l4xx_hal_pwr_ex.o
                0x0000000008003948                HAL_PWREx_GetVoltageRange
 .text.HAL_PWREx_ControlVoltageScaling
                0x0000000008003964       0xac ./Drivers/STM32L4xx_HAL_Driver/Src/stm32l4xx_hal_pwr_ex.o
                0x0000000008003964                HAL_PWREx_ControlVoltageScaling
 .text.HAL_RCC_OscConfig
                0x0000000008003a10      0x824 ./Drivers/STM32L4xx_HAL_Driver/Src/stm32l4xx_hal_rcc.o
                0x0000000008003a10                HAL_RCC_OscConfig
 .text.HAL_RCC_ClockConfig
                0x0000000008004234      0x200 ./Drivers/STM32L4xx_HAL_Driver/Src/stm32l4xx_hal_rcc.o
                0x0000000008004234                HAL_RCC_ClockConfig
 .text.HAL_RCC_GetSysClockFreq
                0x0000000008004434      0x118 ./Drivers/STM32L4xx_HAL_Driver/Src/stm32l4xx_hal_rcc.o
                0x0000000008004434                HAL_RCC_GetSysClockFreq
 .text.RCC_SetFlashLatencyFromMSIRange
                0x000000000800454c       0xc0 ./Drivers/STM32L4xx_HAL_Driver/Src/stm32l4xx_hal_rcc.o
 .text.HAL_RCCEx_PeriphCLKConfig
                0x000000000800460c      0x430 ./Drivers/STM32L4xx_HAL_Driver/Src/stm32l4xx_hal_rcc_ex.o
                0x000000000800460c                HAL_RCCEx_PeriphCLKConfig
 .text.RCCEx_PLLSAI1_Config
                0x0000000008004a3c      0x1e4 ./Drivers/STM32L4xx_HAL_Driver/Src/stm32l4xx_hal_rcc_ex.o
 .text.HAL_TIM_Base_Init
                0x0000000008004c20       0xae ./Drivers/STM32L4xx_HAL_Driver/Src/stm32l4xx_hal_tim.o
                0x0000000008004c20                HAL_TIM_Base_Init
 *fill*         0x0000000008004cce        0x2 
 .text.HAL_TIM_Base_Start
                0x0000000008004cd0       0x98 ./Drivers/STM32L4xx_HAL_Driver/Src/stm32l4xx_hal_tim.o
                0x0000000008004cd0                HAL_TIM_Base_Start
 .text.HAL_TIM_OC_Start
                0x0000000008004d68      0x1bc ./Drivers/STM32L4xx_HAL_Driver/Src/stm32l4xx_hal_tim.o
                0x0000000008004d68                HAL_TIM_OC_Start
 .text.TIM_Base_SetConfig
                0x0000000008004f24       0xc8 ./Drivers/STM32L4xx_HAL_Driver/Src/stm32l4xx_hal_tim.o
                0x0000000008004f24                TIM_Base_SetConfig
 .text.TIM_CCxChannelCmd
                0x0000000008004fec       0x4a ./Drivers/STM32L4xx_HAL_Driver/Src/stm32l4xx_hal_tim.o
                0x0000000008004fec                TIM_CCxChannelCmd
 *fill*         0x0000000008005036        0x2 
 .text.HAL_TIMEx_MasterConfigSynchronization
                0x0000000008005038       0xcc ./Drivers/STM32L4xx_HAL_Driver/Src/stm32l4xx_hal_tim_ex.o
                0x0000000008005038                HAL_TIMEx_MasterConfigSynchronization
 .text.arm_rfft_fast_init_f32
                0x0000000008005104      0x108 /Users/brono/GitHub/Guitar_TunerMCU/Guitar_Tuner/Core/libs/libarm_cortexM4lf_math.a(arm_rfft_fast_init_f32.o)
                0x0000000008005104                arm_rfft_fast_init_f32
 .text.arm_rfft_fast_f32
                0x000000000800520c      0x188 /Users/brono/GitHub/Guitar_TunerMCU/Guitar_Tuner/Core/libs/libarm_cortexM4lf_math.a(arm_rfft_fast_f32.o)
                0x000000000800520c                arm_rfft_fast_f32
 .text.arm_cfft_radix8by2_f32
                0x0000000008005394      0x1a4 /Users/brono/GitHub/Guitar_TunerMCU/Guitar_Tuner/Core/libs/libarm_cortexM4lf_math.a(arm_cfft_f32.o)
                0x0000000008005394                arm_cfft_radix8by2_f32
 .text.arm_cfft_radix8by4_f32
                0x0000000008005538      0x4bc /Users/brono/GitHub/Guitar_TunerMCU/Guitar_Tuner/Core/libs/libarm_cortexM4lf_math.a(arm_cfft_f32.o)
                0x0000000008005538                arm_cfft_radix8by4_f32
 .text.arm_cfft_f32
                0x00000000080059f4       0xf4 /Users/brono/GitHub/Guitar_TunerMCU/Guitar_Tuner/Core/libs/libarm_cortexM4lf_math.a(arm_cfft_f32.o)
                0x00000000080059f4                arm_cfft_f32
 .text.arm_fir_init_f32
                0x0000000008005ae8       0x24 /Users/brono/GitHub/Guitar_TunerMCU/Guitar_Tuner/Core/libs/libarm_cortexM4lf_math.a(arm_fir_init_f32.o)
                0x0000000008005ae8                arm_fir_init_f32
 .text.arm_biquad_cascade_df1_init_f32
                0x0000000008005b0c       0x18 /Users/brono/GitHub/Guitar_TunerMCU/Guitar_Tuner/Core/libs/libarm_cortexM4lf_math.a(arm_biquad_cascade_df1_init_f32.o)
                0x0000000008005b0c                arm_biquad_cascade_df1_init_f32
 .text.arm_biquad_cascade_df1_f32
                0x0000000008005b24      0x1a0 /Users/brono/GitHub/Guitar_TunerMCU/Guitar_Tuner/Core/libs/libarm_cortexM4lf_math.a(arm_biquad_cascade_df1_f32.o)
                0x0000000008005b24                arm_biquad_cascade_df1_f32
 .text.arm_radix8_butterfly_f32
                0x0000000008005cc4      0x5c4 /Users/brono/GitHub/Guitar_TunerMCU/Guitar_Tuner/Core/libs/libarm_cortexM4lf_math.a(arm_cfft_radix8_f32.o)
                0x0000000008005cc4                arm_radix8_butterfly_f32
 .text.__errno  0x0000000008006288        0xc /Applications/STM32CubeIDE.app/Contents/Eclipse/plugins/com.st.stm32cube.ide.mcu.externaltools.gnu-tools-for-stm32.9-2020-q2-update.macos64_2.0.0.202105311346/tools/bin/../lib/gcc/arm-none-eabi/9.3.1/../../../../arm-none-eabi/lib/thumb/v7e-m+fp/hard/libc_nano.a(lib_a-errno.o)
                0x0000000008006288                __errno
 .text.__libc_init_array
                0x0000000008006294       0x48 /Applications/STM32CubeIDE.app/Contents/Eclipse/plugins/com.st.stm32cube.ide.mcu.externaltools.gnu-tools-for-stm32.9-2020-q2-update.macos64_2.0.0.202105311346/tools/bin/../lib/gcc/arm-none-eabi/9.3.1/../../../../arm-none-eabi/lib/thumb/v7e-m+fp/hard/libc_nano.a(lib_a-init.o)
                0x0000000008006294                __libc_init_array
 .text.memset   0x00000000080062dc       0x10 /Applications/STM32CubeIDE.app/Contents/Eclipse/plugins/com.st.stm32cube.ide.mcu.externaltools.gnu-tools-for-stm32.9-2020-q2-update.macos64_2.0.0.202105311346/tools/bin/../lib/gcc/arm-none-eabi/9.3.1/../../../../arm-none-eabi/lib/thumb/v7e-m+fp/hard/libc_nano.a(lib_a-memset.o)
                0x00000000080062dc                memset
 .text.__cvt    0x00000000080062ec       0xc4 /Applications/STM32CubeIDE.app/Contents/Eclipse/plugins/com.st.stm32cube.ide.mcu.externaltools.gnu-tools-for-stm32.9-2020-q2-update.macos64_2.0.0.202105311346/tools/bin/../lib/gcc/arm-none-eabi/9.3.1/../../../../arm-none-eabi/lib/thumb/v7e-m+fp/hard/libc_nano.a(lib_a-nano-vfprintf_float.o)
                0x00000000080062ec                __cvt
 .text.__exponent
                0x00000000080063b0       0x7c /Applications/STM32CubeIDE.app/Contents/Eclipse/plugins/com.st.stm32cube.ide.mcu.externaltools.gnu-tools-for-stm32.9-2020-q2-update.macos64_2.0.0.202105311346/tools/bin/../lib/gcc/arm-none-eabi/9.3.1/../../../../arm-none-eabi/lib/thumb/v7e-m+fp/hard/libc_nano.a(lib_a-nano-vfprintf_float.o)
                0x00000000080063b0                __exponent
 .text._printf_float
                0x000000000800642c      0x46c /Applications/STM32CubeIDE.app/Contents/Eclipse/plugins/com.st.stm32cube.ide.mcu.externaltools.gnu-tools-for-stm32.9-2020-q2-update.macos64_2.0.0.202105311346/tools/bin/../lib/gcc/arm-none-eabi/9.3.1/../../../../arm-none-eabi/lib/thumb/v7e-m+fp/hard/libc_nano.a(lib_a-nano-vfprintf_float.o)
                0x000000000800642c                _printf_float
 .text._printf_common
                0x0000000008006898       0xda /Applications/STM32CubeIDE.app/Contents/Eclipse/plugins/com.st.stm32cube.ide.mcu.externaltools.gnu-tools-for-stm32.9-2020-q2-update.macos64_2.0.0.202105311346/tools/bin/../lib/gcc/arm-none-eabi/9.3.1/../../../../arm-none-eabi/lib/thumb/v7e-m+fp/hard/libc_nano.a(lib_a-nano-vfprintf_i.o)
                0x0000000008006898                _printf_common
 *fill*         0x0000000008006972        0x2 
 .text._printf_i
                0x0000000008006974      0x24c /Applications/STM32CubeIDE.app/Contents/Eclipse/plugins/com.st.stm32cube.ide.mcu.externaltools.gnu-tools-for-stm32.9-2020-q2-update.macos64_2.0.0.202105311346/tools/bin/../lib/gcc/arm-none-eabi/9.3.1/../../../../arm-none-eabi/lib/thumb/v7e-m+fp/hard/libc_nano.a(lib_a-nano-vfprintf_i.o)
                0x0000000008006974                _printf_i
 .text.printf   0x0000000008006bc0       0x30 /Applications/STM32CubeIDE.app/Contents/Eclipse/plugins/com.st.stm32cube.ide.mcu.externaltools.gnu-tools-for-stm32.9-2020-q2-update.macos64_2.0.0.202105311346/tools/bin/../lib/gcc/arm-none-eabi/9.3.1/../../../../arm-none-eabi/lib/thumb/v7e-m+fp/hard/libc_nano.a(lib_a-printf.o)
                0x0000000008006bc0                printf
                0x0000000008006bc0                iprintf
 .text.__swbuf_r
                0x0000000008006bf0       0xa4 /Applications/STM32CubeIDE.app/Contents/Eclipse/plugins/com.st.stm32cube.ide.mcu.externaltools.gnu-tools-for-stm32.9-2020-q2-update.macos64_2.0.0.202105311346/tools/bin/../lib/gcc/arm-none-eabi/9.3.1/../../../../arm-none-eabi/lib/thumb/v7e-m+fp/hard/libc_nano.a(lib_a-wbuf.o)
                0x0000000008006bf0                __swbuf_r
 .text.__swsetup_r
                0x0000000008006c94       0xdc /Applications/STM32CubeIDE.app/Contents/Eclipse/plugins/com.st.stm32cube.ide.mcu.externaltools.gnu-tools-for-stm32.9-2020-q2-update.macos64_2.0.0.202105311346/tools/bin/../lib/gcc/arm-none-eabi/9.3.1/../../../../arm-none-eabi/lib/thumb/v7e-m+fp/hard/libc_nano.a(lib_a-wsetup.o)
                0x0000000008006c94                __swsetup_r
 .text.quorem   0x0000000008006d70      0x116 /Applications/STM32CubeIDE.app/Contents/Eclipse/plugins/com.st.stm32cube.ide.mcu.externaltools.gnu-tools-for-stm32.9-2020-q2-update.macos64_2.0.0.202105311346/tools/bin/../lib/gcc/arm-none-eabi/9.3.1/../../../../arm-none-eabi/lib/thumb/v7e-m+fp/hard/libc_nano.a(lib_a-dtoa.o)
 *fill*         0x0000000008006e86        0x2 
 .text._dtoa_r  0x0000000008006e88      0xbd8 /Applications/STM32CubeIDE.app/Contents/Eclipse/plugins/com.st.stm32cube.ide.mcu.externaltools.gnu-tools-for-stm32.9-2020-q2-update.macos64_2.0.0.202105311346/tools/bin/../lib/gcc/arm-none-eabi/9.3.1/../../../../arm-none-eabi/lib/thumb/v7e-m+fp/hard/libc_nano.a(lib_a-dtoa.o)
                0x0000000008006e88                _dtoa_r
 .text.__sflush_r
                0x0000000008007a60      0x10c /Applications/STM32CubeIDE.app/Contents/Eclipse/plugins/com.st.stm32cube.ide.mcu.externaltools.gnu-tools-for-stm32.9-2020-q2-update.macos64_2.0.0.202105311346/tools/bin/../lib/gcc/arm-none-eabi/9.3.1/../../../../arm-none-eabi/lib/thumb/v7e-m+fp/hard/libc_nano.a(lib_a-fflush.o)
                0x0000000008007a60                __sflush_r
 .text._fflush_r
                0x0000000008007b6c       0x78 /Applications/STM32CubeIDE.app/Contents/Eclipse/plugins/com.st.stm32cube.ide.mcu.externaltools.gnu-tools-for-stm32.9-2020-q2-update.macos64_2.0.0.202105311346/tools/bin/../lib/gcc/arm-none-eabi/9.3.1/../../../../arm-none-eabi/lib/thumb/v7e-m+fp/hard/libc_nano.a(lib_a-fflush.o)
                0x0000000008007b6c                _fflush_r
 .text.std      0x0000000008007be4       0x48 /Applications/STM32CubeIDE.app/Contents/Eclipse/plugins/com.st.stm32cube.ide.mcu.externaltools.gnu-tools-for-stm32.9-2020-q2-update.macos64_2.0.0.202105311346/tools/bin/../lib/gcc/arm-none-eabi/9.3.1/../../../../arm-none-eabi/lib/thumb/v7e-m+fp/hard/libc_nano.a(lib_a-findfp.o)
 .text._cleanup_r
                0x0000000008007c2c        0xc /Applications/STM32CubeIDE.app/Contents/Eclipse/plugins/com.st.stm32cube.ide.mcu.externaltools.gnu-tools-for-stm32.9-2020-q2-update.macos64_2.0.0.202105311346/tools/bin/../lib/gcc/arm-none-eabi/9.3.1/../../../../arm-none-eabi/lib/thumb/v7e-m+fp/hard/libc_nano.a(lib_a-findfp.o)
                0x0000000008007c2c                _cleanup_r
 .text.__sfmoreglue
                0x0000000008007c38       0x2c /Applications/STM32CubeIDE.app/Contents/Eclipse/plugins/com.st.stm32cube.ide.mcu.externaltools.gnu-tools-for-stm32.9-2020-q2-update.macos64_2.0.0.202105311346/tools/bin/../lib/gcc/arm-none-eabi/9.3.1/../../../../arm-none-eabi/lib/thumb/v7e-m+fp/hard/libc_nano.a(lib_a-findfp.o)
                0x0000000008007c38                __sfmoreglue
 .text.__sfp_lock_acquire
                0x0000000008007c64        0xc /Applications/STM32CubeIDE.app/Contents/Eclipse/plugins/com.st.stm32cube.ide.mcu.externaltools.gnu-tools-for-stm32.9-2020-q2-update.macos64_2.0.0.202105311346/tools/bin/../lib/gcc/arm-none-eabi/9.3.1/../../../../arm-none-eabi/lib/thumb/v7e-m+fp/hard/libc_nano.a(lib_a-findfp.o)
                0x0000000008007c64                __sfp_lock_acquire
 .text.__sfp_lock_release
                0x0000000008007c70        0xc /Applications/STM32CubeIDE.app/Contents/Eclipse/plugins/com.st.stm32cube.ide.mcu.externaltools.gnu-tools-for-stm32.9-2020-q2-update.macos64_2.0.0.202105311346/tools/bin/../lib/gcc/arm-none-eabi/9.3.1/../../../../arm-none-eabi/lib/thumb/v7e-m+fp/hard/libc_nano.a(lib_a-findfp.o)
                0x0000000008007c70                __sfp_lock_release
 .text.__sinit_lock_acquire
                0x0000000008007c7c        0xc /Applications/STM32CubeIDE.app/Contents/Eclipse/plugins/com.st.stm32cube.ide.mcu.externaltools.gnu-tools-for-stm32.9-2020-q2-update.macos64_2.0.0.202105311346/tools/bin/../lib/gcc/arm-none-eabi/9.3.1/../../../../arm-none-eabi/lib/thumb/v7e-m+fp/hard/libc_nano.a(lib_a-findfp.o)
                0x0000000008007c7c                __sinit_lock_acquire
 .text.__sinit_lock_release
                0x0000000008007c88        0xc /Applications/STM32CubeIDE.app/Contents/Eclipse/plugins/com.st.stm32cube.ide.mcu.externaltools.gnu-tools-for-stm32.9-2020-q2-update.macos64_2.0.0.202105311346/tools/bin/../lib/gcc/arm-none-eabi/9.3.1/../../../../arm-none-eabi/lib/thumb/v7e-m+fp/hard/libc_nano.a(lib_a-findfp.o)
                0x0000000008007c88                __sinit_lock_release
 .text.__sinit  0x0000000008007c94       0x70 /Applications/STM32CubeIDE.app/Contents/Eclipse/plugins/com.st.stm32cube.ide.mcu.externaltools.gnu-tools-for-stm32.9-2020-q2-update.macos64_2.0.0.202105311346/tools/bin/../lib/gcc/arm-none-eabi/9.3.1/../../../../arm-none-eabi/lib/thumb/v7e-m+fp/hard/libc_nano.a(lib_a-findfp.o)
                0x0000000008007c94                __sinit
 .text.__sfp    0x0000000008007d04       0x8c /Applications/STM32CubeIDE.app/Contents/Eclipse/plugins/com.st.stm32cube.ide.mcu.externaltools.gnu-tools-for-stm32.9-2020-q2-update.macos64_2.0.0.202105311346/tools/bin/../lib/gcc/arm-none-eabi/9.3.1/../../../../arm-none-eabi/lib/thumb/v7e-m+fp/hard/libc_nano.a(lib_a-findfp.o)
                0x0000000008007d04                __sfp
 .text._fwalk_reent
                0x0000000008007d90       0x3e /Applications/STM32CubeIDE.app/Contents/Eclipse/plugins/com.st.stm32cube.ide.mcu.externaltools.gnu-tools-for-stm32.9-2020-q2-update.macos64_2.0.0.202105311346/tools/bin/../lib/gcc/arm-none-eabi/9.3.1/../../../../arm-none-eabi/lib/thumb/v7e-m+fp/hard/libc_nano.a(lib_a-fwalk.o)
                0x0000000008007d90                _fwalk_reent
 *fill*         0x0000000008007dce        0x2 
 .text._localeconv_r
                0x0000000008007dd0        0x8 /Applications/STM32CubeIDE.app/Contents/Eclipse/plugins/com.st.stm32cube.ide.mcu.externaltools.gnu-tools-for-stm32.9-2020-q2-update.macos64_2.0.0.202105311346/tools/bin/../lib/gcc/arm-none-eabi/9.3.1/../../../../arm-none-eabi/lib/thumb/v7e-m+fp/hard/libc_nano.a(lib_a-localeconv.o)
                0x0000000008007dd0                _localeconv_r
 .text.__retarget_lock_init_recursive
                0x0000000008007dd8        0x2 /Applications/STM32CubeIDE.app/Contents/Eclipse/plugins/com.st.stm32cube.ide.mcu.externaltools.gnu-tools-for-stm32.9-2020-q2-update.macos64_2.0.0.202105311346/tools/bin/../lib/gcc/arm-none-eabi/9.3.1/../../../../arm-none-eabi/lib/thumb/v7e-m+fp/hard/libc_nano.a(lib_a-lock.o)
                0x0000000008007dd8                __retarget_lock_init_recursive
 .text.__retarget_lock_acquire_recursive
                0x0000000008007dda        0x2 /Applications/STM32CubeIDE.app/Contents/Eclipse/plugins/com.st.stm32cube.ide.mcu.externaltools.gnu-tools-for-stm32.9-2020-q2-update.macos64_2.0.0.202105311346/tools/bin/../lib/gcc/arm-none-eabi/9.3.1/../../../../arm-none-eabi/lib/thumb/v7e-m+fp/hard/libc_nano.a(lib_a-lock.o)
                0x0000000008007dda                __retarget_lock_acquire_recursive
 .text.__retarget_lock_release_recursive
                0x0000000008007ddc        0x2 /Applications/STM32CubeIDE.app/Contents/Eclipse/plugins/com.st.stm32cube.ide.mcu.externaltools.gnu-tools-for-stm32.9-2020-q2-update.macos64_2.0.0.202105311346/tools/bin/../lib/gcc/arm-none-eabi/9.3.1/../../../../arm-none-eabi/lib/thumb/v7e-m+fp/hard/libc_nano.a(lib_a-lock.o)
                0x0000000008007ddc                __retarget_lock_release_recursive
 .text.__swhatbuf_r
                0x0000000008007dde       0x48 /Applications/STM32CubeIDE.app/Contents/Eclipse/plugins/com.st.stm32cube.ide.mcu.externaltools.gnu-tools-for-stm32.9-2020-q2-update.macos64_2.0.0.202105311346/tools/bin/../lib/gcc/arm-none-eabi/9.3.1/../../../../arm-none-eabi/lib/thumb/v7e-m+fp/hard/libc_nano.a(lib_a-makebuf.o)
                0x0000000008007dde                __swhatbuf_r
 *fill*         0x0000000008007e26        0x2 
 .text.__smakebuf_r
                0x0000000008007e28       0x80 /Applications/STM32CubeIDE.app/Contents/Eclipse/plugins/com.st.stm32cube.ide.mcu.externaltools.gnu-tools-for-stm32.9-2020-q2-update.macos64_2.0.0.202105311346/tools/bin/../lib/gcc/arm-none-eabi/9.3.1/../../../../arm-none-eabi/lib/thumb/v7e-m+fp/hard/libc_nano.a(lib_a-makebuf.o)
                0x0000000008007e28                __smakebuf_r
 .text.malloc   0x0000000008007ea8       0x10 /Applications/STM32CubeIDE.app/Contents/Eclipse/plugins/com.st.stm32cube.ide.mcu.externaltools.gnu-tools-for-stm32.9-2020-q2-update.macos64_2.0.0.202105311346/tools/bin/../lib/gcc/arm-none-eabi/9.3.1/../../../../arm-none-eabi/lib/thumb/v7e-m+fp/hard/libc_nano.a(lib_a-malloc.o)
                0x0000000008007ea8                malloc
 .text.memcpy   0x0000000008007eb8       0x1c /Applications/STM32CubeIDE.app/Contents/Eclipse/plugins/com.st.stm32cube.ide.mcu.externaltools.gnu-tools-for-stm32.9-2020-q2-update.macos64_2.0.0.202105311346/tools/bin/../lib/gcc/arm-none-eabi/9.3.1/../../../../arm-none-eabi/lib/thumb/v7e-m+fp/hard/libc_nano.a(lib_a-memcpy-stub.o)
                0x0000000008007eb8                memcpy
 .text._Balloc  0x0000000008007ed4       0x80 /Applications/STM32CubeIDE.app/Contents/Eclipse/plugins/com.st.stm32cube.ide.mcu.externaltools.gnu-tools-for-stm32.9-2020-q2-update.macos64_2.0.0.202105311346/tools/bin/../lib/gcc/arm-none-eabi/9.3.1/../../../../arm-none-eabi/lib/thumb/v7e-m+fp/hard/libc_nano.a(lib_a-mprec.o)
                0x0000000008007ed4                _Balloc
 .text._Bfree   0x0000000008007f54       0x44 /Applications/STM32CubeIDE.app/Contents/Eclipse/plugins/com.st.stm32cube.ide.mcu.externaltools.gnu-tools-for-stm32.9-2020-q2-update.macos64_2.0.0.202105311346/tools/bin/../lib/gcc/arm-none-eabi/9.3.1/../../../../arm-none-eabi/lib/thumb/v7e-m+fp/hard/libc_nano.a(lib_a-mprec.o)
                0x0000000008007f54                _Bfree
 .text.__multadd
                0x0000000008007f98       0x94 /Applications/STM32CubeIDE.app/Contents/Eclipse/plugins/com.st.stm32cube.ide.mcu.externaltools.gnu-tools-for-stm32.9-2020-q2-update.macos64_2.0.0.202105311346/tools/bin/../lib/gcc/arm-none-eabi/9.3.1/../../../../arm-none-eabi/lib/thumb/v7e-m+fp/hard/libc_nano.a(lib_a-mprec.o)
                0x0000000008007f98                __multadd
 .text.__hi0bits
                0x000000000800802c       0x40 /Applications/STM32CubeIDE.app/Contents/Eclipse/plugins/com.st.stm32cube.ide.mcu.externaltools.gnu-tools-for-stm32.9-2020-q2-update.macos64_2.0.0.202105311346/tools/bin/../lib/gcc/arm-none-eabi/9.3.1/../../../../arm-none-eabi/lib/thumb/v7e-m+fp/hard/libc_nano.a(lib_a-mprec.o)
                0x000000000800802c                __hi0bits
 .text.__lo0bits
                0x000000000800806c       0x60 /Applications/STM32CubeIDE.app/Contents/Eclipse/plugins/com.st.stm32cube.ide.mcu.externaltools.gnu-tools-for-stm32.9-2020-q2-update.macos64_2.0.0.202105311346/tools/bin/../lib/gcc/arm-none-eabi/9.3.1/../../../../arm-none-eabi/lib/thumb/v7e-m+fp/hard/libc_nano.a(lib_a-mprec.o)
                0x000000000800806c                __lo0bits
 .text.__i2b    0x00000000080080cc       0x2c /Applications/STM32CubeIDE.app/Contents/Eclipse/plugins/com.st.stm32cube.ide.mcu.externaltools.gnu-tools-for-stm32.9-2020-q2-update.macos64_2.0.0.202105311346/tools/bin/../lib/gcc/arm-none-eabi/9.3.1/../../../../arm-none-eabi/lib/thumb/v7e-m+fp/hard/libc_nano.a(lib_a-mprec.o)
                0x00000000080080cc                __i2b
 .text.__multiply
                0x00000000080080f8      0x14c /Applications/STM32CubeIDE.app/Contents/Eclipse/plugins/com.st.stm32cube.ide.mcu.externaltools.gnu-tools-for-stm32.9-2020-q2-update.macos64_2.0.0.202105311346/tools/bin/../lib/gcc/arm-none-eabi/9.3.1/../../../../arm-none-eabi/lib/thumb/v7e-m+fp/hard/libc_nano.a(lib_a-mprec.o)
                0x00000000080080f8                __multiply
 .text.__pow5mult
                0x0000000008008244       0xb4 /Applications/STM32CubeIDE.app/Contents/Eclipse/plugins/com.st.stm32cube.ide.mcu.externaltools.gnu-tools-for-stm32.9-2020-q2-update.macos64_2.0.0.202105311346/tools/bin/../lib/gcc/arm-none-eabi/9.3.1/../../../../arm-none-eabi/lib/thumb/v7e-m+fp/hard/libc_nano.a(lib_a-mprec.o)
                0x0000000008008244                __pow5mult
 .text.__lshift
                0x00000000080082f8       0xd8 /Applications/STM32CubeIDE.app/Contents/Eclipse/plugins/com.st.stm32cube.ide.mcu.externaltools.gnu-tools-for-stm32.9-2020-q2-update.macos64_2.0.0.202105311346/tools/bin/../lib/gcc/arm-none-eabi/9.3.1/../../../../arm-none-eabi/lib/thumb/v7e-m+fp/hard/libc_nano.a(lib_a-mprec.o)
                0x00000000080082f8                __lshift
 .text.__mcmp   0x00000000080083d0       0x38 /Applications/STM32CubeIDE.app/Contents/Eclipse/plugins/com.st.stm32cube.ide.mcu.externaltools.gnu-tools-for-stm32.9-2020-q2-update.macos64_2.0.0.202105311346/tools/bin/../lib/gcc/arm-none-eabi/9.3.1/../../../../arm-none-eabi/lib/thumb/v7e-m+fp/hard/libc_nano.a(lib_a-mprec.o)
                0x00000000080083d0                __mcmp
 .text.__mdiff  0x0000000008008408      0x110 /Applications/STM32CubeIDE.app/Contents/Eclipse/plugins/com.st.stm32cube.ide.mcu.externaltools.gnu-tools-for-stm32.9-2020-q2-update.macos64_2.0.0.202105311346/tools/bin/../lib/gcc/arm-none-eabi/9.3.1/../../../../arm-none-eabi/lib/thumb/v7e-m+fp/hard/libc_nano.a(lib_a-mprec.o)
                0x0000000008008408                __mdiff
 .text.__d2b    0x0000000008008518       0xb8 /Applications/STM32CubeIDE.app/Contents/Eclipse/plugins/com.st.stm32cube.ide.mcu.externaltools.gnu-tools-for-stm32.9-2020-q2-update.macos64_2.0.0.202105311346/tools/bin/../lib/gcc/arm-none-eabi/9.3.1/../../../../arm-none-eabi/lib/thumb/v7e-m+fp/hard/libc_nano.a(lib_a-mprec.o)
                0x0000000008008518                __d2b
 .text._calloc_r
                0x00000000080085d0       0x1e /Applications/STM32CubeIDE.app/Contents/Eclipse/plugins/com.st.stm32cube.ide.mcu.externaltools.gnu-tools-for-stm32.9-2020-q2-update.macos64_2.0.0.202105311346/tools/bin/../lib/gcc/arm-none-eabi/9.3.1/../../../../arm-none-eabi/lib/thumb/v7e-m+fp/hard/libc_nano.a(lib_a-nano-callocr.o)
                0x00000000080085d0                _calloc_r
 *fill*         0x00000000080085ee        0x2 
 .text._free_r  0x00000000080085f0       0xa0 /Applications/STM32CubeIDE.app/Contents/Eclipse/plugins/com.st.stm32cube.ide.mcu.externaltools.gnu-tools-for-stm32.9-2020-q2-update.macos64_2.0.0.202105311346/tools/bin/../lib/gcc/arm-none-eabi/9.3.1/../../../../arm-none-eabi/lib/thumb/v7e-m+fp/hard/libc_nano.a(lib_a-nano-freer.o)
                0x00000000080085f0                _free_r
 .text._malloc_r
                0x0000000008008690       0xb4 /Applications/STM32CubeIDE.app/Contents/Eclipse/plugins/com.st.stm32cube.ide.mcu.externaltools.gnu-tools-for-stm32.9-2020-q2-update.macos64_2.0.0.202105311346/tools/bin/../lib/gcc/arm-none-eabi/9.3.1/../../../../arm-none-eabi/lib/thumb/v7e-m+fp/hard/libc_nano.a(lib_a-nano-mallocr.o)
                0x0000000008008690                _malloc_r
 .text.__sfputc_r
                0x0000000008008744       0x2e /Applications/STM32CubeIDE.app/Contents/Eclipse/plugins/com.st.stm32cube.ide.mcu.externaltools.gnu-tools-for-stm32.9-2020-q2-update.macos64_2.0.0.202105311346/tools/bin/../lib/gcc/arm-none-eabi/9.3.1/../../../../arm-none-eabi/lib/thumb/v7e-m+fp/hard/libc_nano.a(lib_a-nano-vfprintf.o)
 .text.__sfputs_r
                0x0000000008008772       0x24 /Applications/STM32CubeIDE.app/Contents/Eclipse/plugins/com.st.stm32cube.ide.mcu.externaltools.gnu-tools-for-stm32.9-2020-q2-update.macos64_2.0.0.202105311346/tools/bin/../lib/gcc/arm-none-eabi/9.3.1/../../../../arm-none-eabi/lib/thumb/v7e-m+fp/hard/libc_nano.a(lib_a-nano-vfprintf.o)
                0x0000000008008772                __sfputs_r
 *fill*         0x0000000008008796        0x2 
 .text._vfprintf_r
                0x0000000008008798      0x260 /Applications/STM32CubeIDE.app/Contents/Eclipse/plugins/com.st.stm32cube.ide.mcu.externaltools.gnu-tools-for-stm32.9-2020-q2-update.macos64_2.0.0.202105311346/tools/bin/../lib/gcc/arm-none-eabi/9.3.1/../../../../arm-none-eabi/lib/thumb/v7e-m+fp/hard/libc_nano.a(lib_a-nano-vfprintf.o)
                0x0000000008008798                _vfiprintf_r
                0x0000000008008798                _vfprintf_r
 .text._sbrk_r  0x00000000080089f8       0x20 /Applications/STM32CubeIDE.app/Contents/Eclipse/plugins/com.st.stm32cube.ide.mcu.externaltools.gnu-tools-for-stm32.9-2020-q2-update.macos64_2.0.0.202105311346/tools/bin/../lib/gcc/arm-none-eabi/9.3.1/../../../../arm-none-eabi/lib/thumb/v7e-m+fp/hard/libc_nano.a(lib_a-sbrkr.o)
                0x00000000080089f8                _sbrk_r
 .text.__sread  0x0000000008008a18       0x22 /Applications/STM32CubeIDE.app/Contents/Eclipse/plugins/com.st.stm32cube.ide.mcu.externaltools.gnu-tools-for-stm32.9-2020-q2-update.macos64_2.0.0.202105311346/tools/bin/../lib/gcc/arm-none-eabi/9.3.1/../../../../arm-none-eabi/lib/thumb/v7e-m+fp/hard/libc_nano.a(lib_a-stdio.o)
                0x0000000008008a18                __sread
 .text.__swrite
                0x0000000008008a3a       0x38 /Applications/STM32CubeIDE.app/Contents/Eclipse/plugins/com.st.stm32cube.ide.mcu.externaltools.gnu-tools-for-stm32.9-2020-q2-update.macos64_2.0.0.202105311346/tools/bin/../lib/gcc/arm-none-eabi/9.3.1/../../../../arm-none-eabi/lib/thumb/v7e-m+fp/hard/libc_nano.a(lib_a-stdio.o)
                0x0000000008008a3a                __swrite
 .text.__sseek  0x0000000008008a72       0x24 /Applications/STM32CubeIDE.app/Contents/Eclipse/plugins/com.st.stm32cube.ide.mcu.externaltools.gnu-tools-for-stm32.9-2020-q2-update.macos64_2.0.0.202105311346/tools/bin/../lib/gcc/arm-none-eabi/9.3.1/../../../../arm-none-eabi/lib/thumb/v7e-m+fp/hard/libc_nano.a(lib_a-stdio.o)
                0x0000000008008a72                __sseek
 .text.__sclose
                0x0000000008008a96        0x8 /Applications/STM32CubeIDE.app/Contents/Eclipse/plugins/com.st.stm32cube.ide.mcu.externaltools.gnu-tools-for-stm32.9-2020-q2-update.macos64_2.0.0.202105311346/tools/bin/../lib/gcc/arm-none-eabi/9.3.1/../../../../arm-none-eabi/lib/thumb/v7e-m+fp/hard/libc_nano.a(lib_a-stdio.o)
                0x0000000008008a96                __sclose
 *fill*         0x0000000008008a9e        0x2 
 .text._write_r
                0x0000000008008aa0       0x24 /Applications/STM32CubeIDE.app/Contents/Eclipse/plugins/com.st.stm32cube.ide.mcu.externaltools.gnu-tools-for-stm32.9-2020-q2-update.macos64_2.0.0.202105311346/tools/bin/../lib/gcc/arm-none-eabi/9.3.1/../../../../arm-none-eabi/lib/thumb/v7e-m+fp/hard/libc_nano.a(lib_a-writer.o)
                0x0000000008008aa0                _write_r
 .text.__assert_func
                0x0000000008008ac4       0x3c /Applications/STM32CubeIDE.app/Contents/Eclipse/plugins/com.st.stm32cube.ide.mcu.externaltools.gnu-tools-for-stm32.9-2020-q2-update.macos64_2.0.0.202105311346/tools/bin/../lib/gcc/arm-none-eabi/9.3.1/../../../../arm-none-eabi/lib/thumb/v7e-m+fp/hard/libc_nano.a(lib_a-assert.o)
                0x0000000008008ac4                __assert_func
 .text._close_r
                0x0000000008008b00       0x20 /Applications/STM32CubeIDE.app/Contents/Eclipse/plugins/com.st.stm32cube.ide.mcu.externaltools.gnu-tools-for-stm32.9-2020-q2-update.macos64_2.0.0.202105311346/tools/bin/../lib/gcc/arm-none-eabi/9.3.1/../../../../arm-none-eabi/lib/thumb/v7e-m+fp/hard/libc_nano.a(lib_a-closer.o)
                0x0000000008008b00                _close_r
 .text.fprintf  0x0000000008008b20       0x24 /Applications/STM32CubeIDE.app/Contents/Eclipse/plugins/com.st.stm32cube.ide.mcu.externaltools.gnu-tools-for-stm32.9-2020-q2-update.macos64_2.0.0.202105311346/tools/bin/../lib/gcc/arm-none-eabi/9.3.1/../../../../arm-none-eabi/lib/thumb/v7e-m+fp/hard/libc_nano.a(lib_a-fprintf.o)
                0x0000000008008b20                fprintf
                0x0000000008008b20                fiprintf
 .text._fstat_r
                0x0000000008008b44       0x24 /Applications/STM32CubeIDE.app/Contents/Eclipse/plugins/com.st.stm32cube.ide.mcu.externaltools.gnu-tools-for-stm32.9-2020-q2-update.macos64_2.0.0.202105311346/tools/bin/../lib/gcc/arm-none-eabi/9.3.1/../../../../arm-none-eabi/lib/thumb/v7e-m+fp/hard/libc_nano.a(lib_a-fstatr.o)
                0x0000000008008b44                _fstat_r
 .text._isatty_r
                0x0000000008008b68       0x20 /Applications/STM32CubeIDE.app/Contents/Eclipse/plugins/com.st.stm32cube.ide.mcu.externaltools.gnu-tools-for-stm32.9-2020-q2-update.macos64_2.0.0.202105311346/tools/bin/../lib/gcc/arm-none-eabi/9.3.1/../../../../arm-none-eabi/lib/thumb/v7e-m+fp/hard/libc_nano.a(lib_a-isattyr.o)
                0x0000000008008b68                _isatty_r
 .text._lseek_r
                0x0000000008008b88       0x24 /Applications/STM32CubeIDE.app/Contents/Eclipse/plugins/com.st.stm32cube.ide.mcu.externaltools.gnu-tools-for-stm32.9-2020-q2-update.macos64_2.0.0.202105311346/tools/bin/../lib/gcc/arm-none-eabi/9.3.1/../../../../arm-none-eabi/lib/thumb/v7e-m+fp/hard/libc_nano.a(lib_a-lseekr.o)
                0x0000000008008b88                _lseek_r
 .text.__ascii_mbtowc
                0x0000000008008bac       0x24 /Applications/STM32CubeIDE.app/Contents/Eclipse/plugins/com.st.stm32cube.ide.mcu.externaltools.gnu-tools-for-stm32.9-2020-q2-update.macos64_2.0.0.202105311346/tools/bin/../lib/gcc/arm-none-eabi/9.3.1/../../../../arm-none-eabi/lib/thumb/v7e-m+fp/hard/libc_nano.a(lib_a-mbtowc_r.o)
                0x0000000008008bac                __ascii_mbtowc
 .text.__malloc_lock
                0x0000000008008bd0        0xc /Applications/STM32CubeIDE.app/Contents/Eclipse/plugins/com.st.stm32cube.ide.mcu.externaltools.gnu-tools-for-stm32.9-2020-q2-update.macos64_2.0.0.202105311346/tools/bin/../lib/gcc/arm-none-eabi/9.3.1/../../../../arm-none-eabi/lib/thumb/v7e-m+fp/hard/libc_nano.a(lib_a-mlock.o)
                0x0000000008008bd0                __malloc_lock
 .text.__malloc_unlock
                0x0000000008008bdc        0xc /Applications/STM32CubeIDE.app/Contents/Eclipse/plugins/com.st.stm32cube.ide.mcu.externaltools.gnu-tools-for-stm32.9-2020-q2-update.macos64_2.0.0.202105311346/tools/bin/../lib/gcc/arm-none-eabi/9.3.1/../../../../arm-none-eabi/lib/thumb/v7e-m+fp/hard/libc_nano.a(lib_a-mlock.o)
                0x0000000008008bdc                __malloc_unlock
 .text._read_r  0x0000000008008be8       0x24 /Applications/STM32CubeIDE.app/Contents/Eclipse/plugins/com.st.stm32cube.ide.mcu.externaltools.gnu-tools-for-stm32.9-2020-q2-update.macos64_2.0.0.202105311346/tools/bin/../lib/gcc/arm-none-eabi/9.3.1/../../../../arm-none-eabi/lib/thumb/v7e-m+fp/hard/libc_nano.a(lib_a-readr.o)
                0x0000000008008be8                _read_r
 .text.__ascii_wctomb
                0x0000000008008c0c       0x1a /Applications/STM32CubeIDE.app/Contents/Eclipse/plugins/com.st.stm32cube.ide.mcu.externaltools.gnu-tools-for-stm32.9-2020-q2-update.macos64_2.0.0.202105311346/tools/bin/../lib/gcc/arm-none-eabi/9.3.1/../../../../arm-none-eabi/lib/thumb/v7e-m+fp/hard/libc_nano.a(lib_a-wctomb_r.o)
                0x0000000008008c0c                __ascii_wctomb
 .text.abort    0x0000000008008c26        0xe /Applications/STM32CubeIDE.app/Contents/Eclipse/plugins/com.st.stm32cube.ide.mcu.externaltools.gnu-tools-for-stm32.9-2020-q2-update.macos64_2.0.0.202105311346/tools/bin/../lib/gcc/arm-none-eabi/9.3.1/../../../../arm-none-eabi/lib/thumb/v7e-m+fp/hard/libc_nano.a(lib_a-abort.o)
                0x0000000008008c26                abort
 .text._raise_r
                0x0000000008008c34       0x50 /Applications/STM32CubeIDE.app/Contents/Eclipse/plugins/com.st.stm32cube.ide.mcu.externaltools.gnu-tools-for-stm32.9-2020-q2-update.macos64_2.0.0.202105311346/tools/bin/../lib/gcc/arm-none-eabi/9.3.1/../../../../arm-none-eabi/lib/thumb/v7e-m+fp/hard/libc_nano.a(lib_a-signal.o)
                0x0000000008008c34                _raise_r
 .text.raise    0x0000000008008c84       0x10 /Applications/STM32CubeIDE.app/Contents/Eclipse/plugins/com.st.stm32cube.ide.mcu.externaltools.gnu-tools-for-stm32.9-2020-q2-update.macos64_2.0.0.202105311346/tools/bin/../lib/gcc/arm-none-eabi/9.3.1/../../../../arm-none-eabi/lib/thumb/v7e-m+fp/hard/libc_nano.a(lib_a-signal.o)
                0x0000000008008c84                raise
 .text._kill_r  0x0000000008008c94       0x24 /Applications/STM32CubeIDE.app/Contents/Eclipse/plugins/com.st.stm32cube.ide.mcu.externaltools.gnu-tools-for-stm32.9-2020-q2-update.macos64_2.0.0.202105311346/tools/bin/../lib/gcc/arm-none-eabi/9.3.1/../../../../arm-none-eabi/lib/thumb/v7e-m+fp/hard/libc_nano.a(lib_a-signalr.o)
                0x0000000008008c94                _kill_r
 .text._getpid_r
                0x0000000008008cb8        0x4 /Applications/STM32CubeIDE.app/Contents/Eclipse/plugins/com.st.stm32cube.ide.mcu.externaltools.gnu-tools-for-stm32.9-2020-q2-update.macos64_2.0.0.202105311346/tools/bin/../lib/gcc/arm-none-eabi/9.3.1/../../../../arm-none-eabi/lib/thumb/v7e-m+fp/hard/libc_nano.a(lib_a-signalr.o)
                0x0000000008008cb8                _getpid_r
 .text.sqrtf    0x0000000008008cbc       0x4c /Applications/STM32CubeIDE.app/Contents/Eclipse/plugins/com.st.stm32cube.ide.mcu.externaltools.gnu-tools-for-stm32.9-2020-q2-update.macos64_2.0.0.202105311346/tools/bin/../lib/gcc/arm-none-eabi/9.3.1/../../../../arm-none-eabi/lib/thumb/v7e-m+fp/hard/libm.a(lib_a-wf_sqrt.o)
                0x0000000008008cbc                sqrtf
 .text.__ieee754_sqrtf
                0x0000000008008d08        0x6 /Applications/STM32CubeIDE.app/Contents/Eclipse/plugins/com.st.stm32cube.ide.mcu.externaltools.gnu-tools-for-stm32.9-2020-q2-update.macos64_2.0.0.202105311346/tools/bin/../lib/gcc/arm-none-eabi/9.3.1/../../../../arm-none-eabi/lib/thumb/v7e-m+fp/hard/libm.a(lib_a-ef_sqrt.o)
                0x0000000008008d08                __ieee754_sqrtf
 *(.glue_7)
 .glue_7        0x0000000008008d0e        0x0 linker stubs
 *(.glue_7t)
 .glue_7t       0x0000000008008d0e        0x0 linker stubs
 *(.eh_frame)
 *fill*         0x0000000008008d0e        0x2 
 .eh_frame      0x0000000008008d10        0x0 /Applications/STM32CubeIDE.app/Contents/Eclipse/plugins/com.st.stm32cube.ide.mcu.externaltools.gnu-tools-for-stm32.9-2020-q2-update.macos64_2.0.0.202105311346/tools/bin/../lib/gcc/arm-none-eabi/9.3.1/thumb/v7e-m+fp/hard/crtbegin.o
 *(.init)
 .init          0x0000000008008d10        0x4 /Applications/STM32CubeIDE.app/Contents/Eclipse/plugins/com.st.stm32cube.ide.mcu.externaltools.gnu-tools-for-stm32.9-2020-q2-update.macos64_2.0.0.202105311346/tools/bin/../lib/gcc/arm-none-eabi/9.3.1/thumb/v7e-m+fp/hard/crti.o
                0x0000000008008d10                _init
 .init          0x0000000008008d14        0x8 /Applications/STM32CubeIDE.app/Contents/Eclipse/plugins/com.st.stm32cube.ide.mcu.externaltools.gnu-tools-for-stm32.9-2020-q2-update.macos64_2.0.0.202105311346/tools/bin/../lib/gcc/arm-none-eabi/9.3.1/thumb/v7e-m+fp/hard/crtn.o
 *(.fini)
 .fini          0x0000000008008d1c        0x4 /Applications/STM32CubeIDE.app/Contents/Eclipse/plugins/com.st.stm32cube.ide.mcu.externaltools.gnu-tools-for-stm32.9-2020-q2-update.macos64_2.0.0.202105311346/tools/bin/../lib/gcc/arm-none-eabi/9.3.1/thumb/v7e-m+fp/hard/crti.o
                0x0000000008008d1c                _fini
 .fini          0x0000000008008d20        0x8 /Applications/STM32CubeIDE.app/Contents/Eclipse/plugins/com.st.stm32cube.ide.mcu.externaltools.gnu-tools-for-stm32.9-2020-q2-update.macos64_2.0.0.202105311346/tools/bin/../lib/gcc/arm-none-eabi/9.3.1/thumb/v7e-m+fp/hard/crtn.o
                0x0000000008008d28                . = ALIGN (0x4)
                0x0000000008008d28                _etext = .

.vfp11_veneer   0x0000000008008d28        0x0
 .vfp11_veneer  0x0000000008008d28        0x0 linker stubs

.v4_bx          0x0000000008008d28        0x0
 .v4_bx         0x0000000008008d28        0x0 linker stubs

.iplt           0x0000000008008d28        0x0
 .iplt          0x0000000008008d28        0x0 /Applications/STM32CubeIDE.app/Contents/Eclipse/plugins/com.st.stm32cube.ide.mcu.externaltools.gnu-tools-for-stm32.9-2020-q2-update.macos64_2.0.0.202105311346/tools/bin/../lib/gcc/arm-none-eabi/9.3.1/thumb/v7e-m+fp/hard/crtbegin.o

.rodata         0x0000000008008d28    0x13894
                0x0000000008008d28                . = ALIGN (0x4)
 *(.rodata)
 .rodata        0x0000000008008d28       0x15 ./Core/Src/main.o
 *(.rodata*)
 *fill*         0x0000000008008d3d        0x3 
 .rodata.AHBPrescTable
                0x0000000008008d40       0x10 ./Core/Src/system_stm32l4xx.o
                0x0000000008008d40                AHBPrescTable
 .rodata.MSIRangeTable
                0x0000000008008d50       0x30 ./Core/Src/system_stm32l4xx.o
                0x0000000008008d50                MSIRangeTable
 .rodata.twiddleCoef_2048
                0x0000000008008d80     0x4000 /Users/brono/GitHub/Guitar_TunerMCU/Guitar_Tuner/Core/libs/libarm_cortexM4lf_math.a(arm_common_tables.o)
                0x0000000008008d80                twiddleCoef_2048
 .rodata.twiddleCoef_rfft_64
                0x000000000800cd80      0x100 /Users/brono/GitHub/Guitar_TunerMCU/Guitar_Tuner/Core/libs/libarm_cortexM4lf_math.a(arm_common_tables.o)
                0x000000000800cd80                twiddleCoef_rfft_64
 .rodata.armBitRevIndexTable64
                0x000000000800ce80       0x70 /Users/brono/GitHub/Guitar_TunerMCU/Guitar_Tuner/Core/libs/libarm_cortexM4lf_math.a(arm_common_tables.o)
                0x000000000800ce80                armBitRevIndexTable64
 .rodata.twiddleCoef_rfft_2048
                0x000000000800cef0     0x2000 /Users/brono/GitHub/Guitar_TunerMCU/Guitar_Tuner/Core/libs/libarm_cortexM4lf_math.a(arm_common_tables.o)
                0x000000000800cef0                twiddleCoef_rfft_2048
 .rodata.twiddleCoef_rfft_4096
                0x000000000800eef0     0x4000 /Users/brono/GitHub/Guitar_TunerMCU/Guitar_Tuner/Core/libs/libarm_cortexM4lf_math.a(arm_common_tables.o)
                0x000000000800eef0                twiddleCoef_rfft_4096
 .rodata.twiddleCoef_256
                0x0000000008012ef0      0x800 /Users/brono/GitHub/Guitar_TunerMCU/Guitar_Tuner/Core/libs/libarm_cortexM4lf_math.a(arm_common_tables.o)
                0x0000000008012ef0                twiddleCoef_256
 .rodata.twiddleCoef_16
                0x00000000080136f0       0x80 /Users/brono/GitHub/Guitar_TunerMCU/Guitar_Tuner/Core/libs/libarm_cortexM4lf_math.a(arm_common_tables.o)
                0x00000000080136f0                twiddleCoef_16
 .rodata.twiddleCoef_1024
                0x0000000008013770     0x2000 /Users/brono/GitHub/Guitar_TunerMCU/Guitar_Tuner/Core/libs/libarm_cortexM4lf_math.a(arm_common_tables.o)
                0x0000000008013770                twiddleCoef_1024
 .rodata.twiddleCoef_32
                0x0000000008015770      0x100 /Users/brono/GitHub/Guitar_TunerMCU/Guitar_Tuner/Core/libs/libarm_cortexM4lf_math.a(arm_common_tables.o)
                0x0000000008015770                twiddleCoef_32
 .rodata.armBitRevIndexTable1024
                0x0000000008015870      0xe10 /Users/brono/GitHub/Guitar_TunerMCU/Guitar_Tuner/Core/libs/libarm_cortexM4lf_math.a(arm_common_tables.o)
                0x0000000008015870                armBitRevIndexTable1024
 .rodata.armBitRevIndexTable16
                0x0000000008016680       0x28 /Users/brono/GitHub/Guitar_TunerMCU/Guitar_Tuner/Core/libs/libarm_cortexM4lf_math.a(arm_common_tables.o)
                0x0000000008016680                armBitRevIndexTable16
 .rodata.twiddleCoef_rfft_32
                0x00000000080166a8       0x80 /Users/brono/GitHub/Guitar_TunerMCU/Guitar_Tuner/Core/libs/libarm_cortexM4lf_math.a(arm_common_tables.o)
                0x00000000080166a8                twiddleCoef_rfft_32
 .rodata.armBitRevIndexTable32
                0x0000000008016728       0x60 /Users/brono/GitHub/Guitar_TunerMCU/Guitar_Tuner/Core/libs/libarm_cortexM4lf_math.a(arm_common_tables.o)
                0x0000000008016728                armBitRevIndexTable32
 .rodata.twiddleCoef_128
                0x0000000008016788      0x400 /Users/brono/GitHub/Guitar_TunerMCU/Guitar_Tuner/Core/libs/libarm_cortexM4lf_math.a(arm_common_tables.o)
                0x0000000008016788                twiddleCoef_128
 .rodata.twiddleCoef_512
                0x0000000008016b88     0x1000 /Users/brono/GitHub/Guitar_TunerMCU/Guitar_Tuner/Core/libs/libarm_cortexM4lf_math.a(arm_common_tables.o)
                0x0000000008016b88                twiddleCoef_512
 .rodata.armBitRevIndexTable2048
                0x0000000008017b88     0x1dc0 /Users/brono/GitHub/Guitar_TunerMCU/Guitar_Tuner/Core/libs/libarm_cortexM4lf_math.a(arm_common_tables.o)
                0x0000000008017b88                armBitRevIndexTable2048
 .rodata.twiddleCoef_64
                0x0000000008019948      0x200 /Users/brono/GitHub/Guitar_TunerMCU/Guitar_Tuner/Core/libs/libarm_cortexM4lf_math.a(arm_common_tables.o)
                0x0000000008019948                twiddleCoef_64
 .rodata.twiddleCoef_rfft_512
                0x0000000008019b48      0x800 /Users/brono/GitHub/Guitar_TunerMCU/Guitar_Tuner/Core/libs/libarm_cortexM4lf_math.a(arm_common_tables.o)
                0x0000000008019b48                twiddleCoef_rfft_512
 .rodata.armBitRevIndexTable512
                0x000000000801a348      0x380 /Users/brono/GitHub/Guitar_TunerMCU/Guitar_Tuner/Core/libs/libarm_cortexM4lf_math.a(arm_common_tables.o)
                0x000000000801a348                armBitRevIndexTable512
 .rodata.twiddleCoef_rfft_1024
                0x000000000801a6c8     0x1000 /Users/brono/GitHub/Guitar_TunerMCU/Guitar_Tuner/Core/libs/libarm_cortexM4lf_math.a(arm_common_tables.o)
                0x000000000801a6c8                twiddleCoef_rfft_1024
 .rodata.twiddleCoef_rfft_256
                0x000000000801b6c8      0x400 /Users/brono/GitHub/Guitar_TunerMCU/Guitar_Tuner/Core/libs/libarm_cortexM4lf_math.a(arm_common_tables.o)
                0x000000000801b6c8                twiddleCoef_rfft_256
 .rodata.armBitRevIndexTable256
                0x000000000801bac8      0x370 /Users/brono/GitHub/Guitar_TunerMCU/Guitar_Tuner/Core/libs/libarm_cortexM4lf_math.a(arm_common_tables.o)
                0x000000000801bac8                armBitRevIndexTable256
 .rodata.twiddleCoef_rfft_128
                0x000000000801be38      0x200 /Users/brono/GitHub/Guitar_TunerMCU/Guitar_Tuner/Core/libs/libarm_cortexM4lf_math.a(arm_common_tables.o)
                0x000000000801be38                twiddleCoef_rfft_128
 .rodata.armBitRevIndexTable128
                0x000000000801c038      0x1a0 /Users/brono/GitHub/Guitar_TunerMCU/Guitar_Tuner/Core/libs/libarm_cortexM4lf_math.a(arm_common_tables.o)
                0x000000000801c038                armBitRevIndexTable128
 .rodata._global_impure_ptr
                0x000000000801c1d8        0x4 /Applications/STM32CubeIDE.app/Contents/Eclipse/plugins/com.st.stm32cube.ide.mcu.externaltools.gnu-tools-for-stm32.9-2020-q2-update.macos64_2.0.0.202105311346/tools/bin/../lib/gcc/arm-none-eabi/9.3.1/../../../../arm-none-eabi/lib/thumb/v7e-m+fp/hard/libc_nano.a(lib_a-impure.o)
                0x000000000801c1d8                _global_impure_ptr
 .rodata._printf_float.str1.1
                0x000000000801c1dc       0x12 /Applications/STM32CubeIDE.app/Contents/Eclipse/plugins/com.st.stm32cube.ide.mcu.externaltools.gnu-tools-for-stm32.9-2020-q2-update.macos64_2.0.0.202105311346/tools/bin/../lib/gcc/arm-none-eabi/9.3.1/../../../../arm-none-eabi/lib/thumb/v7e-m+fp/hard/libc_nano.a(lib_a-nano-vfprintf_float.o)
 .rodata._printf_i.str1.1
                0x000000000801c1ee       0x22 /Applications/STM32CubeIDE.app/Contents/Eclipse/plugins/com.st.stm32cube.ide.mcu.externaltools.gnu-tools-for-stm32.9-2020-q2-update.macos64_2.0.0.202105311346/tools/bin/../lib/gcc/arm-none-eabi/9.3.1/../../../../arm-none-eabi/lib/thumb/v7e-m+fp/hard/libc_nano.a(lib_a-nano-vfprintf_i.o)
 .rodata._dtoa_r.str1.1
                0x000000000801c210       0x94 /Applications/STM32CubeIDE.app/Contents/Eclipse/plugins/com.st.stm32cube.ide.mcu.externaltools.gnu-tools-for-stm32.9-2020-q2-update.macos64_2.0.0.202105311346/tools/bin/../lib/gcc/arm-none-eabi/9.3.1/../../../../arm-none-eabi/lib/thumb/v7e-m+fp/hard/libc_nano.a(lib_a-dtoa.o)
                                         0x96 (size before relaxing)
 .rodata.__sf_fake_stderr
                0x000000000801c2a4       0x20 /Applications/STM32CubeIDE.app/Contents/Eclipse/plugins/com.st.stm32cube.ide.mcu.externaltools.gnu-tools-for-stm32.9-2020-q2-update.macos64_2.0.0.202105311346/tools/bin/../lib/gcc/arm-none-eabi/9.3.1/../../../../arm-none-eabi/lib/thumb/v7e-m+fp/hard/libc_nano.a(lib_a-findfp.o)
                0x000000000801c2a4                __sf_fake_stderr
 .rodata.__sf_fake_stdin
                0x000000000801c2c4       0x20 /Applications/STM32CubeIDE.app/Contents/Eclipse/plugins/com.st.stm32cube.ide.mcu.externaltools.gnu-tools-for-stm32.9-2020-q2-update.macos64_2.0.0.202105311346/tools/bin/../lib/gcc/arm-none-eabi/9.3.1/../../../../arm-none-eabi/lib/thumb/v7e-m+fp/hard/libc_nano.a(lib_a-findfp.o)
                0x000000000801c2c4                __sf_fake_stdin
 .rodata.__sf_fake_stdout
                0x000000000801c2e4       0x20 /Applications/STM32CubeIDE.app/Contents/Eclipse/plugins/com.st.stm32cube.ide.mcu.externaltools.gnu-tools-for-stm32.9-2020-q2-update.macos64_2.0.0.202105311346/tools/bin/../lib/gcc/arm-none-eabi/9.3.1/../../../../arm-none-eabi/lib/thumb/v7e-m+fp/hard/libc_nano.a(lib_a-findfp.o)
                0x000000000801c2e4                __sf_fake_stdout
 .rodata._Balloc.str1.1
                0x000000000801c304       0x60 /Applications/STM32CubeIDE.app/Contents/Eclipse/plugins/com.st.stm32cube.ide.mcu.externaltools.gnu-tools-for-stm32.9-2020-q2-update.macos64_2.0.0.202105311346/tools/bin/../lib/gcc/arm-none-eabi/9.3.1/../../../../arm-none-eabi/lib/thumb/v7e-m+fp/hard/libc_nano.a(lib_a-mprec.o)
                                         0x77 (size before relaxing)
 .rodata.__multadd.str1.1
                0x000000000801c364       0x11 /Applications/STM32CubeIDE.app/Contents/Eclipse/plugins/com.st.stm32cube.ide.mcu.externaltools.gnu-tools-for-stm32.9-2020-q2-update.macos64_2.0.0.202105311346/tools/bin/../lib/gcc/arm-none-eabi/9.3.1/../../../../arm-none-eabi/lib/thumb/v7e-m+fp/hard/libc_nano.a(lib_a-mprec.o)
 *fill*         0x000000000801c364        0x4 
 .rodata.__mprec_bigtens
                0x000000000801c368       0x28 /Applications/STM32CubeIDE.app/Contents/Eclipse/plugins/com.st.stm32cube.ide.mcu.externaltools.gnu-tools-for-stm32.9-2020-q2-update.macos64_2.0.0.202105311346/tools/bin/../lib/gcc/arm-none-eabi/9.3.1/../../../../arm-none-eabi/lib/thumb/v7e-m+fp/hard/libc_nano.a(lib_a-mprec.o)
                0x000000000801c368                __mprec_bigtens
 .rodata.__mprec_tens
                0x000000000801c390       0xc8 /Applications/STM32CubeIDE.app/Contents/Eclipse/plugins/com.st.stm32cube.ide.mcu.externaltools.gnu-tools-for-stm32.9-2020-q2-update.macos64_2.0.0.202105311346/tools/bin/../lib/gcc/arm-none-eabi/9.3.1/../../../../arm-none-eabi/lib/thumb/v7e-m+fp/hard/libc_nano.a(lib_a-mprec.o)
                0x000000000801c390                __mprec_tens
 .rodata.p05.7513
                0x000000000801c458        0xc /Applications/STM32CubeIDE.app/Contents/Eclipse/plugins/com.st.stm32cube.ide.mcu.externaltools.gnu-tools-for-stm32.9-2020-q2-update.macos64_2.0.0.202105311346/tools/bin/../lib/gcc/arm-none-eabi/9.3.1/../../../../arm-none-eabi/lib/thumb/v7e-m+fp/hard/libc_nano.a(lib_a-mprec.o)
 .rodata._vfprintf_r.str1.1
                0x000000000801c464       0x11 /Applications/STM32CubeIDE.app/Contents/Eclipse/plugins/com.st.stm32cube.ide.mcu.externaltools.gnu-tools-for-stm32.9-2020-q2-update.macos64_2.0.0.202105311346/tools/bin/../lib/gcc/arm-none-eabi/9.3.1/../../../../arm-none-eabi/lib/thumb/v7e-m+fp/hard/libc_nano.a(lib_a-nano-vfprintf.o)
 .rodata.__assert_func.str1.1
                0x000000000801c475       0x3c /Applications/STM32CubeIDE.app/Contents/Eclipse/plugins/com.st.stm32cube.ide.mcu.externaltools.gnu-tools-for-stm32.9-2020-q2-update.macos64_2.0.0.202105311346/tools/bin/../lib/gcc/arm-none-eabi/9.3.1/../../../../arm-none-eabi/lib/thumb/v7e-m+fp/hard/libc_nano.a(lib_a-assert.o)
                                         0x3d (size before relaxing)
 .rodata._setlocale_r.str1.1
                0x000000000801c4b1        0x8 /Applications/STM32CubeIDE.app/Contents/Eclipse/plugins/com.st.stm32cube.ide.mcu.externaltools.gnu-tools-for-stm32.9-2020-q2-update.macos64_2.0.0.202105311346/tools/bin/../lib/gcc/arm-none-eabi/9.3.1/../../../../arm-none-eabi/lib/thumb/v7e-m+fp/hard/libc_nano.a(lib_a-locale.o)
                                          0x9 (size before relaxing)
 .rodata.str1.1
                0x000000000801c4b9        0x2 /Applications/STM32CubeIDE.app/Contents/Eclipse/plugins/com.st.stm32cube.ide.mcu.externaltools.gnu-tools-for-stm32.9-2020-q2-update.macos64_2.0.0.202105311346/tools/bin/../lib/gcc/arm-none-eabi/9.3.1/../../../../arm-none-eabi/lib/thumb/v7e-m+fp/hard/libc_nano.a(lib_a-locale.o)
 .rodata._ctype_
                0x000000000801c4bb      0x101 /Applications/STM32CubeIDE.app/Contents/Eclipse/plugins/com.st.stm32cube.ide.mcu.externaltools.gnu-tools-for-stm32.9-2020-q2-update.macos64_2.0.0.202105311346/tools/bin/../lib/gcc/arm-none-eabi/9.3.1/../../../../arm-none-eabi/lib/thumb/v7e-m+fp/hard/libc_nano.a(lib_a-ctype_.o)
                0x000000000801c4bb                _ctype_
                0x000000000801c5bc                . = ALIGN (0x4)

.rel.dyn        0x000000000801c5bc        0x0
 .rel.iplt      0x000000000801c5bc        0x0 /Applications/STM32CubeIDE.app/Contents/Eclipse/plugins/com.st.stm32cube.ide.mcu.externaltools.gnu-tools-for-stm32.9-2020-q2-update.macos64_2.0.0.202105311346/tools/bin/../lib/gcc/arm-none-eabi/9.3.1/thumb/v7e-m+fp/hard/crtbegin.o

.ARM.extab      0x000000000801c5bc        0x0
                0x000000000801c5bc                . = ALIGN (0x4)
 *(.ARM.extab* .gnu.linkonce.armextab.*)
                0x000000000801c5bc                . = ALIGN (0x4)

.ARM            0x000000000801c5bc        0x0
                0x000000000801c5bc                . = ALIGN (0x4)
                0x000000000801c5bc                __exidx_start = .
 *(.ARM.exidx*)
                0x000000000801c5bc                __exidx_end = .
                0x000000000801c5bc                . = ALIGN (0x4)

.preinit_array  0x000000000801c5bc        0x0
                0x000000000801c5bc                . = ALIGN (0x4)
                0x000000000801c5bc                PROVIDE (__preinit_array_start = .)
 *(.preinit_array*)
                0x000000000801c5bc                PROVIDE (__preinit_array_end = .)
                0x000000000801c5bc                . = ALIGN (0x4)

.init_array     0x000000000801c5bc        0x4
                0x000000000801c5bc                . = ALIGN (0x4)
                0x000000000801c5bc                PROVIDE (__init_array_start = .)
 *(SORT_BY_NAME(.init_array.*))
 *(.init_array*)
 .init_array    0x000000000801c5bc        0x4 /Applications/STM32CubeIDE.app/Contents/Eclipse/plugins/com.st.stm32cube.ide.mcu.externaltools.gnu-tools-for-stm32.9-2020-q2-update.macos64_2.0.0.202105311346/tools/bin/../lib/gcc/arm-none-eabi/9.3.1/thumb/v7e-m+fp/hard/crtbegin.o
                0x000000000801c5c0                PROVIDE (__init_array_end = .)
                0x000000000801c5c0                . = ALIGN (0x4)

.fini_array     0x000000000801c5c0        0x4
                0x000000000801c5c0                . = ALIGN (0x4)
                [!provide]                        PROVIDE (__fini_array_start = .)
 *(SORT_BY_NAME(.fini_array.*))
 *(.fini_array*)
 .fini_array    0x000000000801c5c0        0x4 /Applications/STM32CubeIDE.app/Contents/Eclipse/plugins/com.st.stm32cube.ide.mcu.externaltools.gnu-tools-for-stm32.9-2020-q2-update.macos64_2.0.0.202105311346/tools/bin/../lib/gcc/arm-none-eabi/9.3.1/thumb/v7e-m+fp/hard/crtbegin.o
                [!provide]                        PROVIDE (__fini_array_end = .)
                0x000000000801c5c4                . = ALIGN (0x4)
                0x000000000801c5c4                _sidata = LOADADDR (.data)

.data           0x0000000020000000      0x248 load address 0x000000000801c5c4
                0x0000000020000000                . = ALIGN (0x4)
                0x0000000020000000                _sdata = .
 *(.data)
 *(.data*)
 .data.fir_taps
                0x0000000020000000       0x54 ./Core/Src/main.o
 .data.iir_taps
                0x0000000020000054       0x14 ./Core/Src/main.o
 .data.SystemCoreClock
                0x0000000020000068        0x4 ./Core/Src/system_stm32l4xx.o
                0x0000000020000068                SystemCoreClock
 .data.uwTickPrio
                0x000000002000006c        0x4 ./Drivers/STM32L4xx_HAL_Driver/Src/stm32l4xx_hal.o
                0x000000002000006c                uwTickPrio
 .data.uwTickFreq
                0x0000000020000070        0x1 ./Drivers/STM32L4xx_HAL_Driver/Src/stm32l4xx_hal.o
                0x0000000020000070                uwTickFreq
 *fill*         0x0000000020000071        0x3 
 .data._impure_ptr
                0x0000000020000074        0x4 /Applications/STM32CubeIDE.app/Contents/Eclipse/plugins/com.st.stm32cube.ide.mcu.externaltools.gnu-tools-for-stm32.9-2020-q2-update.macos64_2.0.0.202105311346/tools/bin/../lib/gcc/arm-none-eabi/9.3.1/../../../../arm-none-eabi/lib/thumb/v7e-m+fp/hard/libc_nano.a(lib_a-impure.o)
                0x0000000020000074                _impure_ptr
 .data.impure_data
                0x0000000020000078       0x60 /Applications/STM32CubeIDE.app/Contents/Eclipse/plugins/com.st.stm32cube.ide.mcu.externaltools.gnu-tools-for-stm32.9-2020-q2-update.macos64_2.0.0.202105311346/tools/bin/../lib/gcc/arm-none-eabi/9.3.1/../../../../arm-none-eabi/lib/thumb/v7e-m+fp/hard/libc_nano.a(lib_a-impure.o)
 .data.__global_locale
                0x00000000200000d8      0x16c /Applications/STM32CubeIDE.app/Contents/Eclipse/plugins/com.st.stm32cube.ide.mcu.externaltools.gnu-tools-for-stm32.9-2020-q2-update.macos64_2.0.0.202105311346/tools/bin/../lib/gcc/arm-none-eabi/9.3.1/../../../../arm-none-eabi/lib/thumb/v7e-m+fp/hard/libc_nano.a(lib_a-locale.o)
                0x00000000200000d8                __global_locale
 .data.__fdlib_version
                0x0000000020000244        0x1 /Applications/STM32CubeIDE.app/Contents/Eclipse/plugins/com.st.stm32cube.ide.mcu.externaltools.gnu-tools-for-stm32.9-2020-q2-update.macos64_2.0.0.202105311346/tools/bin/../lib/gcc/arm-none-eabi/9.3.1/../../../../arm-none-eabi/lib/thumb/v7e-m+fp/hard/libm.a(lib_a-s_lib_ver.o)
                0x0000000020000244                __fdlib_version
 *(.RamFunc)
 *(.RamFunc*)
                0x0000000020000248                . = ALIGN (0x4)
 *fill*         0x0000000020000245        0x3 
                0x0000000020000248                _edata = .

.igot.plt       0x0000000020000248        0x0 load address 0x000000000801c80c
 .igot.plt      0x0000000020000248        0x0 /Applications/STM32CubeIDE.app/Contents/Eclipse/plugins/com.st.stm32cube.ide.mcu.externaltools.gnu-tools-for-stm32.9-2020-q2-update.macos64_2.0.0.202105311346/tools/bin/../lib/gcc/arm-none-eabi/9.3.1/thumb/v7e-m+fp/hard/crtbegin.o
                0x0000000020000248                . = ALIGN (0x4)

.bss            0x0000000020000248     0x722c load address 0x000000000801c80c
                0x0000000020000248                _sbss = .
                0x0000000020000248                __bss_start__ = _sbss
 *(.bss)
 .bss           0x0000000020000248       0x1c /Applications/STM32CubeIDE.app/Contents/Eclipse/plugins/com.st.stm32cube.ide.mcu.externaltools.gnu-tools-for-stm32.9-2020-q2-update.macos64_2.0.0.202105311346/tools/bin/../lib/gcc/arm-none-eabi/9.3.1/thumb/v7e-m+fp/hard/crtbegin.o
 *(.bss*)
 .bss.callback_state
                0x0000000020000264        0x4 ./Core/Src/main.o
                0x0000000020000264                callback_state
 .bss.__sbrk_heap_end
                0x0000000020000268        0x4 ./Core/Src/sysmem.o
 .bss.__malloc_free_list
                0x000000002000026c        0x4 /Applications/STM32CubeIDE.app/Contents/Eclipse/plugins/com.st.stm32cube.ide.mcu.externaltools.gnu-tools-for-stm32.9-2020-q2-update.macos64_2.0.0.202105311346/tools/bin/../lib/gcc/arm-none-eabi/9.3.1/../../../../arm-none-eabi/lib/thumb/v7e-m+fp/hard/libc_nano.a(lib_a-nano-mallocr.o)
                0x000000002000026c                __malloc_free_list
 .bss.__malloc_sbrk_start
                0x0000000020000270        0x4 /Applications/STM32CubeIDE.app/Contents/Eclipse/plugins/com.st.stm32cube.ide.mcu.externaltools.gnu-tools-for-stm32.9-2020-q2-update.macos64_2.0.0.202105311346/tools/bin/../lib/gcc/arm-none-eabi/9.3.1/../../../../arm-none-eabi/lib/thumb/v7e-m+fp/hard/libc_nano.a(lib_a-nano-mallocr.o)
                0x0000000020000270                __malloc_sbrk_start
 *(COMMON)
 COMMON         0x0000000020000274     0x71ec ./Core/Src/main.o
                0x0000000020000274                out_ptr
                0x0000000020000278                hdac1
                0x000000002000028c                fir_settings
                0x0000000020000298                fft_settings
                0x00000000200002b0                hdma_dac_ch1
                0x00000000200002f8                out_dsp_buff
                0x00000000200012f8                hadc1
                0x000000002000135c                fir_state
                0x00000000200033ac                in_ptr
                0x00000000200033b0                hdma_adc1
                0x00000000200033f8                htim6
                0x0000000020003444                adc_buff
                0x0000000020005444                iir_settings
                0x0000000020005450                in_dsp_buff
                0x0000000020007450                iir_state
 COMMON         0x0000000020007460        0x4 ./Drivers/STM32L4xx_HAL_Driver/Src/stm32l4xx_hal.o
                0x0000000020007460                uwTick
 COMMON         0x0000000020007464        0x9 /Applications/STM32CubeIDE.app/Contents/Eclipse/plugins/com.st.stm32cube.ide.mcu.externaltools.gnu-tools-for-stm32.9-2020-q2-update.macos64_2.0.0.202105311346/tools/bin/../lib/gcc/arm-none-eabi/9.3.1/../../../../arm-none-eabi/lib/thumb/v7e-m+fp/hard/libc_nano.a(lib_a-lock.o)
                0x0000000020007464                __lock___atexit_recursive_mutex
                0x0000000020007465                __lock___arc4random_mutex
                0x0000000020007466                __lock___env_recursive_mutex
                0x0000000020007467                __lock___sinit_recursive_mutex
                0x0000000020007468                __lock___malloc_recursive_mutex
                0x0000000020007469                __lock___at_quick_exit_mutex
                0x000000002000746a                __lock___dd_hash_mutex
                0x000000002000746b                __lock___tz_mutex
                0x000000002000746c                __lock___sfp_recursive_mutex
 *fill*         0x000000002000746d        0x3 
 COMMON         0x0000000020007470        0x4 /Applications/STM32CubeIDE.app/Contents/Eclipse/plugins/com.st.stm32cube.ide.mcu.externaltools.gnu-tools-for-stm32.9-2020-q2-update.macos64_2.0.0.202105311346/tools/bin/../lib/gcc/arm-none-eabi/9.3.1/../../../../arm-none-eabi/lib/thumb/v7e-m+fp/hard/libc_nano.a(lib_a-reent.o)
                0x0000000020007470                errno
                0x0000000020007474                . = ALIGN (0x4)
                0x0000000020007474                _ebss = .
                0x0000000020007474                __bss_end__ = _ebss

._user_heap_stack
                0x0000000020007474      0x604 load address 0x000000000801c80c
                0x0000000020007478                . = ALIGN (0x8)