main.c:190:6:HAL_TIM_PeriodElapsedCallback	16	static
main.c:220:6:init_tunings	4	static
main.c:231:6:adc_to_guitar_signal	24	static
main.c:241:6:HAL_ADC_ConvHalfCpltCallback	24	static
main.c:258:6:HAL_ADC_ConvCpltCallback	24	static
main.c:276:5:cmpfunc	24	static
main.c:282:6:get_frequency	32	static
main.c:293:11:get_error_in_cents	24	static
main.c:300:6:toggle_motor_wait	4	static
main.c:311:6:state_tune_up_fine	16	static
main.c:321:6:state_tune_up_fast	16	static
main.c:333:6:state_tune_down_fine	16	static
main.c:343:6:state_tune_down_fast	16	static
main.c:356:6:iterate_table_pos	4	static
main.c:368:12:get_min_table	16	static
main.c:385:5:init_table	32	static
main.c:407:6:state_string_pitch	40	static
main.c:476:6:state_get_pitch	8	static
main.c:534:6:metronome	24	static
main.c:579:6:get_sineval	32	static
main.c:587:6:tone_gen	424	static
main.c:642:5:main	40	static
main.c:803:6:SystemClock_Config	96	static
main.c:850:13:MX_ADC1_Init	32	static
main.c:906:13:MX_DAC1_Init	48	static
main.c:947:13:MX_I2C1_Init	8	static
main.c:993:13:MX_I2C2_Init	8	static
main.c:1042:13:MX_OPAMP1_Init	8	static
main.c:1073:13:MX_TIM1_Init	96	static
main.c:1142:13:MX_TIM2_Init	40	static
main.c:1187:13:MX_TIM6_Init	24	static
main.c:1225:13:MX_TIM7_Init	24	static
main.c:1263:13:MX_TIM16_Init	8	static
main.c:1293:13:MX_DMA_Init	16	static
main.c:1314:13:MX_GPIO_Init	40	static
main.c:1372:6:HAL_GPIO_EXTI_Callback	24	static
main.c:1404:6:Error_Handler	4	static,ignoring_inline_asm
