main.c:153:6:init_tunings	4	static
main.c:164:6:adc_to_guitar_signal	24	static
main.c:174:6:HAL_ADC_ConvHalfCpltCallback	24	static
main.c:191:6:HAL_ADC_ConvCpltCallback	24	static
main.c:209:5:cmpfunc	24	static
main.c:215:6:get_frequency	32	static
main.c:235:11:get_error_in_cents	24	static
main.c:242:6:state_tune_up	16	static
main.c:253:6:state_tune_down	16	static
main.c:265:6:state_get_pitch_error	24	static
main.c:340:5:main	16	static
main.c:462:6:SystemClock_Config	96	static
main.c:509:13:MX_ADC1_Init	32	static
main.c:565:13:MX_DAC1_Init	48	static
main.c:606:13:MX_I2C1_Init	8	static
main.c:652:13:MX_OPAMP1_Init	8	static
main.c:683:13:MX_TIM1_Init	96	static
main.c:752:13:MX_TIM6_Init	24	static
main.c:788:13:MX_DMA_Init	16	static
main.c:809:13:MX_GPIO_Init	40	static
main.c:838:6:Error_Handler	4	static,ignoring_inline_asm
