main.c:98:6:print_output	24	static
main.c:118:6:HAL_ADC_ConvHalfCpltCallback	16	static
main.c:125:6:HAL_ADC_ConvCpltCallback	16	static
main.c:136:6:process_dsp	16	static
main.c:159:6:HAL_ADC_LevelOutOfWindowCallback	16	static
main.c:179:5:main	8	static
main.c:257:6:SystemClock_Config	96	static
main.c:304:13:MX_ADC1_Init	56	static
main.c:373:13:MX_OPAMP1_Init	8	static
main.c:406:13:MX_TIM6_Init	24	static
main.c:442:13:MX_DMA_Init	16	static
main.c:460:13:MX_GPIO_Init	40	static
main.c:489:6:Error_Handler	4	static,ignoring_inline_asm
