main.c:182:6:HAL_TIM_PeriodElapsedCallback	16	static
main.c:212:6:init_tunings	4	static
main.c:223:6:adc_to_guitar_signal	24	static
main.c:233:6:HAL_ADC_ConvHalfCpltCallback	24	static
main.c:250:6:HAL_ADC_ConvCpltCallback	24	static
main.c:268:5:cmpfunc	24	static
main.c:274:6:get_frequency	32	static
main.c:285:11:get_error_in_cents	24	static
main.c:292:6:toggle_motor_wait	4	static
main.c:303:6:state_tune_up_fine	16	static
main.c:313:6:state_tune_up_fast	16	static
main.c:325:6:state_tune_down_fine	16	static
main.c:335:6:state_tune_down_fast	16	static
main.c:348:6:iterate_table_pos	4	static
main.c:360:12:get_min_table	16	static
main.c:377:5:init_table	32	static
main.c:397:6:state_string_pitch	40	static
main.c:455:6:state_get_pitch	8	static
main.c:513:6:metronome	16	static
main.c:577:5:main	40	static
main.c:734:6:SystemClock_Config	96	static
main.c:781:13:MX_ADC1_Init	32	static
main.c:837:13:MX_DAC1_Init	48	static
main.c:878:13:MX_I2C1_Init	8	static
main.c:924:13:MX_I2C2_Init	8	static
main.c:973:13:MX_OPAMP1_Init	8	static
main.c:1004:13:MX_TIM1_Init	96	static
main.c:1073:13:MX_TIM2_Init	40	static
main.c:1118:13:MX_TIM6_Init	24	static
main.c:1156:13:MX_TIM16_Init	8	static
main.c:1186:13:MX_DMA_Init	16	static
main.c:1207:13:MX_GPIO_Init	40	static
main.c:1265:6:HAL_GPIO_EXTI_Callback	24	static
main.c:1297:6:Error_Handler	4	static,ignoring_inline_asm
