main.c:112:6:HAL_ADC_ConvHalfCpltCallback	16	static
main.c:118:6:HAL_ADC_ConvCpltCallback	16	static
main.c:125:6:adc_to_guitar_signal	24	static
main.c:148:5:main	4104	static
main.c:233:6:SystemClock_Config	96	static
main.c:280:13:MX_ADC1_Init	32	static
main.c:336:13:MX_DAC1_Init	48	static
main.c:377:13:MX_I2C1_Init	8	static
main.c:423:13:MX_OPAMP1_Init	8	static
main.c:454:13:MX_TIM1_Init	96	static
main.c:523:13:MX_TIM6_Init	24	static
main.c:559:13:MX_DMA_Init	16	static
main.c:580:13:MX_GPIO_Init	40	static
main.c:609:6:Error_Handler	4	static,ignoring_inline_asm
