main.c:182:6:HAL_TIM_PeriodElapsedCallback	16	static
main.c:224:6:init_tunings	4	static
main.c:235:6:adc_to_guitar_signal	24	static
main.c:245:6:HAL_ADC_ConvHalfCpltCallback	24	static
main.c:262:6:HAL_ADC_ConvCpltCallback	24	static
main.c:280:5:cmpfunc	24	static
main.c:286:6:get_frequency	32	static
main.c:297:11:get_error_in_cents	24	static
main.c:304:6:toggle_motor_wait	4	static
main.c:315:6:state_tune_up_fine	16	static
main.c:325:6:state_tune_up_fast	16	static
main.c:337:6:state_tune_down_fine	16	static
main.c:347:6:state_tune_down_fast	16	static
main.c:360:6:iterate_table_pos	4	static
main.c:372:12:get_min_table	16	static
main.c:389:5:init_table	32	static
main.c:409:6:state_string_pitch	40	static
main.c:467:6:state_get_pitch	8	static
main.c:608:5:main	16	static
main.c:722:6:SystemClock_Config	96	static
main.c:769:13:MX_ADC1_Init	32	static
main.c:825:13:MX_DAC1_Init	48	static
main.c:866:13:MX_I2C1_Init	8	static
main.c:912:13:MX_I2C2_Init	8	static
main.c:961:13:MX_OPAMP1_Init	8	static
main.c:992:13:MX_TIM1_Init	96	static
main.c:1061:13:MX_TIM2_Init	40	static
main.c:1106:13:MX_TIM6_Init	24	static
main.c:1144:13:MX_TIM16_Init	8	static
main.c:1174:13:MX_DMA_Init	16	static
main.c:1195:13:MX_GPIO_Init	40	static
main.c:1238:6:HAL_GPIO_EXTI_Callback	24	static
main.c:1267:6:Error_Handler	4	static,ignoring_inline_asm
