main.c:179:6:HAL_TIM_PeriodElapsedCallback	16	static
main.c:221:6:init_tunings	4	static
main.c:232:6:adc_to_guitar_signal	24	static
main.c:242:6:HAL_ADC_ConvHalfCpltCallback	24	static
main.c:259:6:HAL_ADC_ConvCpltCallback	24	static
main.c:277:5:cmpfunc	24	static
main.c:283:6:get_frequency	32	static
main.c:294:11:get_error_in_cents	24	static
main.c:301:6:toggle_motor_wait	4	static
main.c:312:6:state_tune_up_fine	16	static
main.c:322:6:state_tune_up_fast	16	static
main.c:334:6:state_tune_down_fine	16	static
main.c:344:6:state_tune_down_fast	16	static
main.c:357:6:iterate_table_pos	4	static
main.c:369:12:get_min_table	16	static
main.c:386:5:init_table	32	static
main.c:406:6:state_string_pitch	40	static
main.c:464:6:state_get_pitch	8	static
main.c:605:5:main	16	static
main.c:714:6:SystemClock_Config	96	static
main.c:761:13:MX_ADC1_Init	32	static
main.c:817:13:MX_DAC1_Init	48	static
main.c:858:13:MX_I2C1_Init	8	static
main.c:904:13:MX_I2C2_Init	8	static
main.c:950:13:MX_OPAMP1_Init	8	static
main.c:981:13:MX_TIM1_Init	96	static
main.c:1050:13:MX_TIM2_Init	40	static
main.c:1095:13:MX_TIM6_Init	24	static
main.c:1133:13:MX_TIM16_Init	8	static
main.c:1163:13:MX_DMA_Init	16	static
main.c:1184:13:MX_GPIO_Init	40	static
main.c:1213:6:Error_Handler	4	static,ignoring_inline_asm
