main.c:107:6:HAL_ADC_ConvHalfCpltCallback	16	static
main.c:113:6:HAL_ADC_ConvCpltCallback	16	static
main.c:120:6:adc_to_guitar_signal	24	static
main.c:143:5:main	8	static
main.c:228:6:SystemClock_Config	96	static
main.c:275:13:MX_ADC1_Init	32	static
main.c:331:13:MX_DAC1_Init	48	static
main.c:372:13:MX_I2C1_Init	8	static
main.c:418:13:MX_OPAMP1_Init	8	static
main.c:449:13:MX_TIM1_Init	96	static
main.c:518:13:MX_TIM6_Init	24	static
main.c:554:13:MX_DMA_Init	16	static
main.c:575:13:MX_GPIO_Init	40	static
main.c:604:6:Error_Handler	4	static,ignoring_inline_asm
