main.c:164:6:HAL_TIM_PeriodElapsedCallback	16	static
main.c:202:6:init_tunings	4	static
main.c:213:6:adc_to_guitar_signal	24	static
main.c:223:6:HAL_ADC_ConvHalfCpltCallback	24	static
main.c:240:6:HAL_ADC_ConvCpltCallback	24	static
main.c:258:5:cmpfunc	24	static
main.c:264:6:get_frequency	32	static
main.c:284:11:get_error_in_cents	24	static
main.c:291:6:state_tune_up	16	static
main.c:302:6:state_tune_down	16	static
main.c:314:6:state_get_pitch_error	24	static
main.c:398:5:main	24	static
main.c:495:6:SystemClock_Config	96	static
main.c:542:13:MX_ADC1_Init	32	static
main.c:598:13:MX_DAC1_Init	48	static
main.c:639:13:MX_I2C1_Init	8	static
main.c:685:13:MX_I2C2_Init	8	static
main.c:731:13:MX_OPAMP1_Init	8	static
main.c:762:13:MX_TIM1_Init	96	static
main.c:831:13:MX_TIM2_Init	40	static
main.c:876:13:MX_TIM6_Init	24	static
main.c:914:13:MX_TIM16_Init	8	static
main.c:944:13:MX_DMA_Init	16	static
main.c:965:13:MX_GPIO_Init	40	static
main.c:994:6:Error_Handler	4	static,ignoring_inline_asm
