main.c:105:6:print_output	24	static
main.c:122:6:HAL_ADC_ConvHalfCpltCallback	16	static
main.c:129:6:HAL_ADC_ConvCpltCallback	16	static
main.c:138:11:process_dsp	24	static
main.c:190:5:main	64	static
main.c:314:6:SystemClock_Config	96	static
main.c:361:13:MX_ADC1_Init	32	static
main.c:417:13:MX_DAC1_Init	48	static
main.c:458:13:MX_I2C1_Init	8	static
main.c:504:13:MX_OPAMP1_Init	8	static
main.c:535:13:MX_TIM1_Init	96	static
main.c:604:13:MX_TIM6_Init	24	static
main.c:640:13:MX_DMA_Init	16	static
main.c:661:13:MX_GPIO_Init	40	static
main.c:690:6:Error_Handler	4	static,ignoring_inline_asm
