main.c:116:6:adc_to_guitar_signal	24	static
main.c:126:6:HAL_ADC_ConvHalfCpltCallback	24	static
main.c:143:6:HAL_ADC_ConvCpltCallback	24	static
main.c:169:5:main	16	static
main.c:288:6:SystemClock_Config	96	static
main.c:335:13:MX_ADC1_Init	32	static
main.c:391:13:MX_DAC1_Init	48	static
main.c:432:13:MX_I2C1_Init	8	static
main.c:478:13:MX_OPAMP1_Init	8	static
main.c:509:13:MX_TIM1_Init	96	static
main.c:578:13:MX_TIM6_Init	24	static
main.c:614:13:MX_DMA_Init	16	static
main.c:635:13:MX_GPIO_Init	40	static
main.c:664:6:Error_Handler	4	static,ignoring_inline_asm
